Archive member included to satisfy reference by file (symbol)

C:\Users\yuche\STM32CubeIDE\workspace_1.3.0\XIMU\Core\libraries\libarm_cortexM3l_math.a(arm_mat_trans_f32.o)
                              Core/Src/main.o (arm_mat_trans_f32)
C:\Users\yuche\STM32CubeIDE\workspace_1.3.0\XIMU\Core\libraries\libarm_cortexM3l_math.a(arm_mat_sub_f32.o)
                              Core/components/src/ESKF.o (arm_mat_sub_f32)
C:\Users\yuche\STM32CubeIDE\workspace_1.3.0\XIMU\Core\libraries\libarm_cortexM3l_math.a(arm_mat_scale_f32.o)
                              Core/components/src/ESKF.o (arm_mat_scale_f32)
C:\Users\yuche\STM32CubeIDE\workspace_1.3.0\XIMU\Core\libraries\libarm_cortexM3l_math.a(arm_mat_mult_f32.o)
                              Core/components/src/ESKF.o (arm_mat_mult_f32)
C:\Users\yuche\STM32CubeIDE\workspace_1.3.0\XIMU\Core\libraries\libarm_cortexM3l_math.a(arm_mat_init_f32.o)
                              Core/Src/main.o (arm_mat_init_f32)
C:\Users\yuche\STM32CubeIDE\workspace_1.3.0\XIMU\Core\libraries\libarm_cortexM3l_math.a(arm_mat_add_f32.o)
                              Core/components/src/ESKF.o (arm_mat_add_f32)
c:/st/stm32cubeide_1.3.0/stm32cubeide/plugins/com.st.stm32cube.ide.mcu.externaltools.gnu-tools-for-stm32.7-2018-q2-update.win32_1.0.0.201904181610/tools/bin/../lib/gcc/arm-none-eabi/7.3.1/../../../../arm-none-eabi/lib/thumb/v7-m\libc_nano.a(lib_a-atof.o)
                              Core/components/src/gnss.o (atof)
c:/st/stm32cubeide_1.3.0/stm32cubeide/plugins/com.st.stm32cube.ide.mcu.externaltools.gnu-tools-for-stm32.7-2018-q2-update.win32_1.0.0.201904181610/tools/bin/../lib/gcc/arm-none-eabi/7.3.1/../../../../arm-none-eabi/lib/thumb/v7-m\libc_nano.a(lib_a-atoi.o)
                              Core/components/src/gnss.o (atoi)
c:/st/stm32cubeide_1.3.0/stm32cubeide/plugins/com.st.stm32cube.ide.mcu.externaltools.gnu-tools-for-stm32.7-2018-q2-update.win32_1.0.0.201904181610/tools/bin/../lib/gcc/arm-none-eabi/7.3.1/../../../../arm-none-eabi/lib/thumb/v7-m\libc_nano.a(lib_a-errno.o)
                              Core/Src/syscalls.o (__errno)
c:/st/stm32cubeide_1.3.0/stm32cubeide/plugins/com.st.stm32cube.ide.mcu.externaltools.gnu-tools-for-stm32.7-2018-q2-update.win32_1.0.0.201904181610/tools/bin/../lib/gcc/arm-none-eabi/7.3.1/../../../../arm-none-eabi/lib/thumb/v7-m\libc_nano.a(lib_a-exit.o)
                              c:/st/stm32cubeide_1.3.0/stm32cubeide/plugins/com.st.stm32cube.ide.mcu.externaltools.gnu-tools-for-stm32.7-2018-q2-update.win32_1.0.0.201904181610/tools/bin/../lib/gcc/arm-none-eabi/7.3.1/../../../../arm-none-eabi/lib/thumb/v7-m/crt0.o (exit)
c:/st/stm32cubeide_1.3.0/stm32cubeide/plugins/com.st.stm32cube.ide.mcu.externaltools.gnu-tools-for-stm32.7-2018-q2-update.win32_1.0.0.201904181610/tools/bin/../lib/gcc/arm-none-eabi/7.3.1/../../../../arm-none-eabi/lib/thumb/v7-m\libc_nano.a(lib_a-impure.o)
                              c:/st/stm32cubeide_1.3.0/stm32cubeide/plugins/com.st.stm32cube.ide.mcu.externaltools.gnu-tools-for-stm32.7-2018-q2-update.win32_1.0.0.201904181610/tools/bin/../lib/gcc/arm-none-eabi/7.3.1/../../../../arm-none-eabi/lib/thumb/v7-m\libc_nano.a(lib_a-exit.o) (_global_impure_ptr)
c:/st/stm32cubeide_1.3.0/stm32cubeide/plugins/com.st.stm32cube.ide.mcu.externaltools.gnu-tools-for-stm32.7-2018-q2-update.win32_1.0.0.201904181610/tools/bin/../lib/gcc/arm-none-eabi/7.3.1/../../../../arm-none-eabi/lib/thumb/v7-m\libc_nano.a(lib_a-init.o)
                              c:/st/stm32cubeide_1.3.0/stm32cubeide/plugins/com.st.stm32cube.ide.mcu.externaltools.gnu-tools-for-stm32.7-2018-q2-update.win32_1.0.0.201904181610/tools/bin/../lib/gcc/arm-none-eabi/7.3.1/../../../../arm-none-eabi/lib/thumb/v7-m/crt0.o (__libc_init_array)
c:/st/stm32cubeide_1.3.0/stm32cubeide/plugins/com.st.stm32cube.ide.mcu.externaltools.gnu-tools-for-stm32.7-2018-q2-update.win32_1.0.0.201904181610/tools/bin/../lib/gcc/arm-none-eabi/7.3.1/../../../../arm-none-eabi/lib/thumb/v7-m\libc_nano.a(lib_a-itoa.o)
                              Core/components/src/dataProcessing.o (itoa)
c:/st/stm32cubeide_1.3.0/stm32cubeide/plugins/com.st.stm32cube.ide.mcu.externaltools.gnu-tools-for-stm32.7-2018-q2-update.win32_1.0.0.201904181610/tools/bin/../lib/gcc/arm-none-eabi/7.3.1/../../../../arm-none-eabi/lib/thumb/v7-m\libc_nano.a(lib_a-memcmp.o)
                              Core/DMPLib/inv_mpu.o (memcmp)
c:/st/stm32cubeide_1.3.0/stm32cubeide/plugins/com.st.stm32cube.ide.mcu.externaltools.gnu-tools-for-stm32.7-2018-q2-update.win32_1.0.0.201904181610/tools/bin/../lib/gcc/arm-none-eabi/7.3.1/../../../../arm-none-eabi/lib/thumb/v7-m\libc_nano.a(lib_a-memcpy-stub.o)
                              Core/components/src/armMathUtils.o (memcpy)
c:/st/stm32cubeide_1.3.0/stm32cubeide/plugins/com.st.stm32cube.ide.mcu.externaltools.gnu-tools-for-stm32.7-2018-q2-update.win32_1.0.0.201904181610/tools/bin/../lib/gcc/arm-none-eabi/7.3.1/../../../../arm-none-eabi/lib/thumb/v7-m\libc_nano.a(lib_a-memset.o)
[...]
Memory Configuration

Name             Origin             Length             Attributes
RAM              0x0000000020000000 0x0000000000005000 xrw
FLASH            0x0000000008000000 0x0000000000010000 xr
*default*        0x0000000000000000 0xffffffffffffffff

Linker script and memory map

LOAD c:/st/stm32cubeide_1.3.0/stm32cubeide/plugins/com.st.stm32cube.ide.mcu.externaltools.gnu-tools-for-stm32.7-2018-q2-update.win32_1.0.0.201904181610/tools/bin/../lib/gcc/arm-none-eabi/7.3.1/thumb/v7-m/crti.o
LOAD c:/st/stm32cubeide_1.3.0/stm32cubeide/plugins/com.st.stm32cube.ide.mcu.externaltools.gnu-tools-for-stm32.7-2018-q2-update.win32_1.0.0.201904181610/tools/bin/../lib/gcc/arm-none-eabi/7.3.1/thumb/v7-m/crtbegin.o
LOAD c:/st/stm32cubeide_1.3.0/stm32cubeide/plugins/com.st.stm32cube.ide.mcu.externaltools.gnu-tools-for-stm32.7-2018-q2-update.win32_1.0.0.201904181610/tools/bin/../lib/gcc/arm-none-eabi/7.3.1/../../../../arm-none-eabi/lib/thumb/v7-m/crt0.o
LOAD Core/DMPLib/inv_mpu.o
LOAD Core/DMPLib/inv_mpu_dmp_motion_driver.o
LOAD Core/Src/main.o
LOAD Core/Src/stm32f1xx_hal_msp.o
LOAD Core/Src/stm32f1xx_it.o
LOAD Core/Src/syscalls.o
LOAD Core/Src/sysmem.o
LOAD Core/Src/system_stm32f1xx.o
LOAD Core/Startup/startup_stm32f103c8tx.o
LOAD Core/components/src/ESKF.o
LOAD Core/components/src/armMathUtils.o
LOAD Core/components/src/dataProcessing.o
LOAD Core/components/src/gnss.o
LOAD Core/components/src/i2c.o
LOAD Core/components/src/led.o
LOAD Core/components/src/mpu9250.o
LOAD Core/components/src/ms5611.o
LOAD Core/components/src/quaternion.o
LOAD Core/components/src/systick.o
LOAD Drivers/STM32F1xx_HAL_Driver/Src/stm32f1xx_hal.o
LOAD Drivers/STM32F1xx_HAL_Driver/Src/stm32f1xx_hal_cortex.o
LOAD Drivers/STM32F1xx_HAL_Driver/Src/stm32f1xx_hal_dma.o
LOAD Drivers/STM32F1xx_HAL_Driver/Src/stm32f1xx_hal_exti.o
LOAD Drivers/STM32F1xx_HAL_Driver/Src/stm32f1xx_hal_flash.o
LOAD Drivers/STM32F1xx_HAL_Driver/Src/stm32f1xx_hal_flash_ex.o
LOAD Drivers/STM32F1xx_HAL_Driver/Src/stm32f1xx_hal_gpio.o
LOAD Drivers/STM32F1xx_HAL_Driver/Src/stm32f1xx_hal_gpio_ex.o
LOAD Drivers/STM32F1xx_HAL_Driver/Src/stm32f1xx_hal_i2c.o
LOAD Drivers/STM32F1xx_HAL_Driver/Src/stm32f1xx_hal_pcd.o
LOAD Drivers/STM32F1xx_HAL_Driver/Src/stm32f1xx_hal_pcd_ex.o
LOAD Drivers/STM32F1xx_HAL_Driver/Src/stm32f1xx_hal_pwr.o
LOAD Drivers/STM32F1xx_HAL_Driver/Src/stm32f1xx_hal_rcc.o
LOAD Drivers/STM32F1xx_HAL_Driver/Src/stm32f1xx_hal_rcc_ex.o
LOAD Drivers/STM32F1xx_HAL_Driver/Src/stm32f1xx_hal_tim.o
LOAD Drivers/STM32F1xx_HAL_Driver/Src/stm32f1xx_hal_tim_ex.o
LOAD Drivers/STM32F1xx_HAL_Driver/Src/stm32f1xx_hal_uart.o
LOAD Drivers/STM32F1xx_HAL_Driver/Src/stm32f1xx_ll_usb.o
LOAD Middlewares/ST/STM32_USB_Device_Library/Class/CDC/Src/usbd_cdc.o
LOAD Middlewares/ST/STM32_USB_Device_Library/Core/Src/usbd_core.o
LOAD Middlewares/ST/STM32_USB_Device_Library/Core/Src/usbd_ctlreq.o
LOAD Middlewares/ST/STM32_USB_Device_Library/Core/Src/usbd_ioreq.o
LOAD USB_DEVICE/App/usb_device.o
LOAD USB_DEVICE/App/usbd_cdc_if.o
LOAD USB_DEVICE/App/usbd_desc.o
LOAD USB_DEVICE/Target/usbd_conf.o
LOAD C:\Users\yuche\STM32CubeIDE\workspace_1.3.0\XIMU\Core\libraries\libarm_cortexM3l_math.a
START GROUP
LOAD c:/st/stm32cubeide_1.3.0/stm32cubeide/plugins/com.st.stm32cube.ide.mcu.externaltools.gnu-tools-for-stm32.7-2018-q2-update.win32_1.0.0.201904181610/tools/bin/../lib/gcc/arm-none-eabi/7.3.1/../../../../arm-none-eabi/lib/thumb/v7-m\libc_nano.a
LOAD c:/st/stm32cubeide_1.3.0/stm32cubeide/plugins/com.st.stm32cube.ide.mcu.externaltools.gnu-tools-for-stm32.7-2018-q2-update.win32_1.0.0.201904181610/tools/bin/../lib/gcc/arm-none-eabi/7.3.1/../../../../arm-none-eabi/lib/thumb/v7-m\libm.a
END GROUP
START GROUP
LOAD c:/st/stm32cubeide_1.3.0/stm32cubeide/plugins/com.st.stm32cube.ide.mcu.externaltools.gnu-tools-for-stm32.7-2018-q2-update.win32_1.0.0.201904181610/tools/bin/../lib/gcc/arm-none-eabi/7.3.1/thumb/v7-m\libgcc.a
LOAD c:/st/stm32cubeide_1.3.0/stm32cubeide/plugins/com.st.stm32cube.ide.mcu.externaltools.gnu-tools-for-stm32.7-2018-q2-update.win32_1.0.0.201904181610/tools/bin/../lib/gcc/arm-none-eabi/7.3.1/../../../../arm-none-eabi/lib/thumb/v7-m\libc_nano.a
END GROUP
START GROUP
LOAD c:/st/stm32cubeide_1.3.0/stm32cubeide/plugins/com.st.stm32cube.ide.mcu.externaltools.gnu-tools-for-stm32.7-2018-q2-update.win32_1.0.0.201904181610/tools/bin/../lib/gcc/arm-none-eabi/7.3.1/thumb/v7-m\libgcc.a
LOAD c:/st/stm32cubeide_1.3.0/stm32cubeide/plugins/com.st.stm32cube.ide.mcu.externaltools.gnu-tools-for-stm32.7-2018-q2-update.win32_1.0.0.201904181610/tools/bin/../lib/gcc/arm-none-eabi/7.3.1/../../../../arm-none-eabi/lib/thumb/v7-m\libc_nano.a
LOAD c:/st/stm32cubeide_1.3.0/stm32cubeide/plugins/com.st.stm32cube.ide.mcu.externaltools.gnu-tools-for-stm32.7-2018-q2-update.win32_1.0.0.201904181610/tools/bin/../lib/gcc/arm-none-eabi/7.3.1/../../../../arm-none-eabi/lib/thumb/v7-m\libnosys.a
END GROUP
START GROUP
LOAD c:/st/stm32cubeide_1.3.0/stm32cubeide/plugins/com.st.stm32cube.ide.mcu.externaltools.gnu-tools-for-stm32.7-2018-q2-update.win32_1.0.0.201904181610/tools/bin/../lib/gcc/arm-none-eabi/7.3.1/thumb/v7-m\libgcc.a
LOAD c:/st/stm32cubeide_1.3.0/stm32cubeide/plugins/com.st.stm32cube.ide.mcu.externaltools.gnu-tools-for-stm32.7-2018-q2-update.win32_1.0.0.201904181610/tools/bin/../lib/gcc/arm-none-eabi/7.3.1/../../../../arm-none-eabi/lib/thumb/v7-m\libc_nano.a
LOAD c:/st/stm32cubeide_1.3.0/stm32cubeide/plugins/com.st.stm32cube.ide.mcu.externaltools.gnu-tools-for-stm32.7-2018-q2-update.win32_1.0.0.201904181610/tools/bin/../lib/gcc/arm-none-eabi/7.3.1/../../../../arm-none-eabi/lib/thumb/v7-m\libnosys.a
END GROUP
LOAD c:/st/stm32cubeide_1.3.0/stm32cubeide/plugins/com.st.stm32cube.ide.mcu.externaltools.gnu-tools-for-stm32.7-2018-q2-update.win32_1.0.0.201904181610/tools/bin/../lib/gcc/arm-none-eabi/7.3.1/thumb/v7-m/crtend.o
LOAD c:/st/stm32cubeide_1.3.0/stm32cubeide/plugins/com.st.stm32cube.ide.mcu.externaltools.gnu-tools-for-stm32.7-2018-q2-update.win32_1.0.0.201904181610/tools/bin/../lib/gcc/arm-none-eabi/7.3.1/thumb/v7-m/crtn.o
                0x0000000020005000                _estack = (ORIGIN (RAM) + LENGTH (RAM))
                0x0000000000000200                _Min_Heap_Size = 0x200
                0x0000000000000400                _Min_Stack_Size = 0x400

.isr_vector     0x0000000008000000      0x10c
                0x0000000008000000                . = ALIGN (0x4)
 *(.isr_vector)
 .isr_vector    0x0000000008000000      0x10c Core/Startup/startup_stm32f103c8tx.o
                0x0000000008000000                g_pfnVectors
                0x000000000800010c                . = ALIGN (0x4)

.text           0x0000000008000110     0xaea8
                0x0000000008000110                . = ALIGN (0x4)
 *(.text)
 .text          0x0000000008000110       0x40 c:/st/stm32cubeide_1.3.0/stm32cubeide/plugins/com.st.stm32cube.ide.mcu.externaltools.gnu-tools-for-stm32.7-2018-q2-update.win32_1.0.0.201904181610/tools/bin/../lib/gcc/arm-none-eabi/7.3.1/thumb/v7-m/crtbegin.o
 .text          0x0000000008000150       0x10 c:/st/stm32cubeide_1.3.0/stm32cubeide/plugins/com.st.stm32cube.ide.mcu.externaltools.gnu-tools-for-stm32.7-2018-q2-update.win32_1.0.0.201904181610/tools/bin/../lib/gcc/arm-none-eabi/7.3.1/../../../../arm-none-eabi/lib/thumb/v7-m\libc_nano.a(lib_a-strlen.o)
                0x0000000008000150                strlen
 .text          0x0000000008000160      0x378 c:/st/stm32cubeide_1.3.0/stm32cubeide/plugins/com.st.stm32cube.ide.mcu.externaltools.gnu-tools-for-stm32.7-2018-q2-update.win32_1.0.0.201904181610/tools/bin/../lib/gcc/arm-none-eabi/7.3.1/thumb/v7-m\libgcc.a(_arm_addsubdf3.o)
                0x0000000008000160                __aeabi_drsub
                0x0000000008000168                __aeabi_dsub
                0x0000000008000168                __subdf3
                0x000000000800016c                __aeabi_dadd
                0x000000000800016c                __adddf3
                0x00000000080003e4                __floatunsidf
                0x00000000080003e4                __aeabi_ui2d
                0x0000000008000404                __floatsidf
                0x0000000008000404                __aeabi_i2d
                0x0000000008000428                __aeabi_f2d
                0x0000000008000428                __extendsfdf2
                0x000000000800046c                __floatundidf
                0x000000000800046c                __aeabi_ul2d
                0x000000000800047c                __floatdidf
                0x000000000800047c                __aeabi_l2d
 .text          0x00000000080004d8      0x424 c:/st/stm32cubeide_1.3.0/stm32cubeide/plugins/com.st.stm32cube.ide.mcu.externaltools.gnu-tools-for-stm32.7-2018-q2-update.win32_1.0.0.201904181610/tools/bin/../lib/gcc/arm-none-eabi/7.3.1/thumb/v7-m\libgcc.a(_arm_muldivdf3.o)
                0x00000000080004d8                __aeabi_dmul
                0x00000000080004d8                __muldf3
                0x000000000800072c                __divdf3
                0x000000000800072c                __aeabi_ddiv
 .text          0x00000000080008fc      0x110 c:/st/stm32cubeide_1.3.0/stm32cubeide/plugins/com.st.stm32cube.ide.mcu.externaltools.gnu-tools-for-stm32.7-2018-q2-update.win32_1.0.0.201904181610/tools/bin/../lib/gcc/arm-none-eabi/7.3.1/thumb/v7-m\libgcc.a(_arm_cmpdf2.o)
                0x00000000080008fc                __gtdf2
                0x00000000080008fc                __gedf2
                0x0000000008000904                __ltdf2
                0x0000000008000904                __ledf2
                0x000000000800090c                __nedf2
                0x000000000800090c                __eqdf2
                0x000000000800090c                __cmpdf2
                0x0000000008000988                __aeabi_cdrcmple
                0x0000000008000998                __aeabi_cdcmpeq
                0x0000000008000998                __aeabi_cdcmple
                0x00000000080009a8                __aeabi_dcmpeq
                0x00000000080009bc                __aeabi_dcmplt
                0x00000000080009d0                __aeabi_dcmple
                0x00000000080009e4                __aeabi_dcmpge
                0x00000000080009f8                __aeabi_dcmpgt
 .text          0x0000000008000a0c       0x2c c:/st/stm32cubeide_1.3.0/stm32cubeide/plugins/com.st.stm32cube.ide.mcu.externaltools.gnu-tools-for-stm32.7-2018-q2-update.win32_1.0.0.201904181610/tools/bin/../lib/gcc/arm-none-eabi/7.3.1/thumb/v7-m\libgcc.a(_arm_unorddf2.o)
                0x0000000008000a0c                __unorddf2
                0x0000000008000a0c                __aeabi_dcmpun
 .text          0x0000000008000a38       0x50 c:/st/stm32cubeide_1.3.0/stm32cubeide/plugins/com.st.stm32cube.ide.mcu.externaltools.gnu-tools-for-stm32.7-2018-q2-update.win32_1.0.0.201904181610/tools/bin/../lib/gcc/arm-none-eabi/7.3.1/thumb/v7-m\libgcc.a(_arm_fixdfsi.o)
                0x0000000008000a38                __aeabi_d2iz
                0x0000000008000a38                __fixdfsi
 .text          0x0000000008000a88       0x40 c:/st/stm32cubeide_1.3.0/stm32cubeide/plugins/com.st.stm32cube.ide.mcu.externaltools.gnu-tools-for-stm32.7-2018-q2-update.win32_1.0.0.201904181610/tools/bin/../lib/gcc/arm-none-eabi/7.3.1/thumb/v7-m\libgcc.a(_arm_fixunsdfsi.o)
                0x0000000008000a88                __aeabi_d2uiz
                0x0000000008000a88                __fixunsdfsi
 .text          0x0000000008000ac8       0xa0 c:/st/stm32cubeide_1.3.0/stm32cubeide/plugins/com.st.stm32cube.ide.mcu.externaltools.gnu-tools-for-stm32.7-2018-q2-update.win32_1.0.0.201904181610/tools/bin/../lib/gcc/arm-none-eabi/7.3.1/thumb/v7-m\libgcc.a(_arm_truncdfsf2.o)
                0x0000000008000ac8                __truncdfsf2
                0x0000000008000ac8                __aeabi_d2f
 .text          0x0000000008000b68       0x4c c:/st/stm32cubeide_1.3.0/stm32cubeide/plugins/com.st.stm32cube.ide.mcu.externaltools.gnu-tools-for-stm32.7-2018-q2-update.win32_1.0.0.201904181610/tools/bin/../lib/gcc/arm-none-eabi/7.3.1/thumb/v7-m\libgcc.a(_arm_fixsfsi.o)
                0x0000000008000b68                __aeabi_f2iz
                0x0000000008000b68                __fixsfsi
 *(.text*)
 .text.mpu_set_bypass.part.1
                0x0000000008000bb4       0xe4 Core/DMPLib/inv_mpu.o
 .text.mpu_set_bypass.part.1.constprop.7
                0x0000000008000c98       0x88 Core/DMPLib/inv_mpu.o
 .text.mpu_reset_fifo
                0x0000000008000d20      0x158 Core/DMPLib/inv_mpu.o
                0x0000000008000d20                mpu_reset_fifo
 .text.mpu_lp_accel_mode
                0x0000000008000e78      0x17c Core/DMPLib/inv_mpu.o
                0x0000000008000e78                mpu_lp_accel_mode
 .text.mpu_set_sample_rate
                0x0000000008000ff4      0x190 Core/DMPLib/inv_mpu.o
                0x0000000008000ff4                mpu_set_sample_rate
 .text.mpu_set_sensors
                0x0000000008001184      0x1e4 Core/DMPLib/inv_mpu.o
                0x0000000008001184                mpu_set_sensors
 .text.mpu_init
                0x0000000008001368      0x3a4 Core/DMPLib/inv_mpu.o
                0x0000000008001368                mpu_init
 .text.mpu_read_fifo_stream
                0x000000000800170c       0x9c Core/DMPLib/inv_mpu.o
                0x000000000800170c                mpu_read_fifo_stream
 .text.mpu_write_mem
                0x00000000080017a8       0x64 Core/DMPLib/inv_mpu.o
                0x00000000080017a8                mpu_write_mem
 .text.mpu_load_firmware
                0x000000000800180c      0x148 Core/DMPLib/inv_mpu.o
                0x000000000800180c                mpu_load_firmware
 .text.mpu_set_dmp_state
                0x0000000008001954      0x1b0 Core/DMPLib/inv_mpu.o
                0x0000000008001954                mpu_set_dmp_state
 .text.mpu_get_compass_reg
                0x0000000008001b04       0xb4 Core/DMPLib/inv_mpu.o
                0x0000000008001b04                mpu_get_compass_reg
 .text.dmp_enable_feature
                0x0000000008001bb8      0x18c Core/DMPLib/inv_mpu_dmp_motion_driver.o
                0x0000000008001bb8                dmp_enable_feature
 .text.dmp_read_fifo
                0x0000000008001d44      0x1d4 Core/DMPLib/inv_mpu_dmp_motion_driver.o
                0x0000000008001d44                dmp_read_fifo
 .text.DMP_Init
                0x0000000008001f18      0x11c Core/DMPLib/inv_mpu_dmp_motion_driver.o
                0x0000000008001f18                DMP_Init
 .text.SystemClock_Config
                0x0000000008002034       0x68 Core/Src/main.o
                0x0000000008002034                SystemClock_Config
 .text.startup.main
                0x000000000800209c      0x33c Core/Src/main.o
                0x000000000800209c                main
 .text.Error_Handler
                0x00000000080023d8        0x4 Core/Src/main.o
                0x00000000080023d8                Error_Handler
 .text.HAL_MspInit
                0x00000000080023dc       0x44 Core/Src/stm32f1xx_hal_msp.o
                0x00000000080023dc                HAL_MspInit
 .text.HAL_I2C_MspInit
                0x0000000008002420       0x64 Core/Src/stm32f1xx_hal_msp.o
                0x0000000008002420                HAL_I2C_MspInit
 .text.HAL_TIM_Base_MspInit
                0x0000000008002484       0x74 Core/Src/stm32f1xx_hal_msp.o
                0x0000000008002484                HAL_TIM_Base_MspInit
 .text.HAL_UART_MspInit
                0x00000000080024f8       0xb0 Core/Src/stm32f1xx_hal_msp.o
                0x00000000080024f8                HAL_UART_MspInit
 .text.NMI_Handler
                0x00000000080025a8        0x4 Core/Src/stm32f1xx_it.o
                0x00000000080025a8                NMI_Handler
 .text.HardFault_Handler
                0x00000000080025ac        0x4 Core/Src/stm32f1xx_it.o
                0x00000000080025ac                HardFault_Handler
 .text.MemManage_Handler
                0x00000000080025b0        0x4 Core/Src/stm32f1xx_it.o
                0x00000000080025b0                MemManage_Handler
 .text.BusFault_Handler
                0x00000000080025b4        0x4 Core/Src/stm32f1xx_it.o
                0x00000000080025b4                BusFault_Handler
 .text.UsageFault_Handler
                0x00000000080025b8        0x4 Core/Src/stm32f1xx_it.o
                0x00000000080025b8                UsageFault_Handler
 .text.SVC_Handler
                0x00000000080025bc        0x4 Core/Src/stm32f1xx_it.o
                0x00000000080025bc                SVC_Handler
 .text.DebugMon_Handler
                0x00000000080025c0        0x4 Core/Src/stm32f1xx_it.o
                0x00000000080025c0                DebugMon_Handler
 .text.PendSV_Handler
                0x00000000080025c4        0x4 Core/Src/stm32f1xx_it.o
                0x00000000080025c4                PendSV_Handler
 .text.SysTick_Handler
                0x00000000080025c8       0x10 Core/Src/stm32f1xx_it.o
                0x00000000080025c8                SysTick_Handler
 .text.DMA1_Channel5_IRQHandler
                0x00000000080025d8        0xc Core/Src/stm32f1xx_it.o
                0x00000000080025d8                DMA1_Channel5_IRQHandler
 .text.USB_LP_CAN1_RX0_IRQHandler
                0x00000000080025e4        0xc Core/Src/stm32f1xx_it.o
                0x00000000080025e4                USB_LP_CAN1_RX0_IRQHandler
 .text.TIM2_IRQHandler
                0x00000000080025f0       0x14 Core/Src/stm32f1xx_it.o
                0x00000000080025f0                TIM2_IRQHandler
 .text.TIM3_IRQHandler
                0x0000000008002604      0x1ac Core/Src/stm32f1xx_it.o
                0x0000000008002604                TIM3_IRQHandler
 .text._sbrk    0x00000000080027b0       0x3c Core/Src/sysmem.o
                0x00000000080027b0                _sbrk
 .text.SystemInit
                0x00000000080027ec       0x50 Core/Src/system_stm32f1xx.o
                0x00000000080027ec                SystemInit
 .text.Reset_Handler
                0x000000000800283c       0x48 Core/Startup/startup_stm32f103c8tx.o
                0x000000000800283c                Reset_Handler
 .text.Default_Handler
                0x0000000008002884        0x2 Core/Startup/startup_stm32f103c8tx.o
                0x0000000008002884                RTC_Alarm_IRQHandler
                0x0000000008002884                EXTI2_IRQHandler
                0x0000000008002884                TIM1_CC_IRQHandler
                0x0000000008002884                PVD_IRQHandler
                0x0000000008002884                EXTI3_IRQHandler
                0x0000000008002884                EXTI0_IRQHandler
                0x0000000008002884                I2C2_EV_IRQHandler
                0x0000000008002884                ADC1_2_IRQHandler
                0x0000000008002884                SPI1_IRQHandler
                0x0000000008002884                TAMPER_IRQHandler
                0x0000000008002884                DMA1_Channel4_IRQHandler
                0x0000000008002884                USART3_IRQHandler
                0x0000000008002884                RTC_IRQHandler
                0x0000000008002884                DMA1_Channel7_IRQHandler
                0x0000000008002884                CAN1_RX1_IRQHandler
                0x0000000008002884                TIM4_IRQHandler
                0x0000000008002884                I2C1_EV_IRQHandler
                0x0000000008002884                DMA1_Channel6_IRQHandler
                0x0000000008002884                RCC_IRQHandler
                0x0000000008002884                TIM1_TRG_COM_IRQHandler
                0x0000000008002884                DMA1_Channel1_IRQHandler
                0x0000000008002884                Default_Handler
                0x0000000008002884                EXTI15_10_IRQHandler
                0x0000000008002884                EXTI9_5_IRQHandler
                0x0000000008002884                SPI2_IRQHandler
                0x0000000008002884                EXTI4_IRQHandler
                0x0000000008002884                USB_HP_CAN1_TX_IRQHandler
                0x0000000008002884                DMA1_Channel3_IRQHandler
                0x0000000008002884                TIM1_UP_IRQHandler
                0x0000000008002884                WWDG_IRQHandler
                0x0000000008002884                TIM1_BRK_IRQHandler
                0x0000000008002884                EXTI1_IRQHandler
                0x0000000008002884                USART2_IRQHandler
                0x0000000008002884                I2C2_ER_IRQHandler
                0x0000000008002884                DMA1_Channel2_IRQHandler
                0x0000000008002884                CAN1_SCE_IRQHandler
                0x0000000008002884                FLASH_IRQHandler
                0x0000000008002884                USART1_IRQHandler
                0x0000000008002884                I2C1_ER_IRQHandler
                0x0000000008002884                USBWakeUp_IRQHandler
 *fill*         0x0000000008002886        0x2 
 .text.calibrate_mag_reading
                0x0000000008002888      0x194 Core/components/src/dataProcessing.o
                0x0000000008002888                calibrate_mag_reading
 .text.calc_absolute_acceleration
                0x0000000008002a1c      0x3d8 Core/components/src/dataProcessing.o
                0x0000000008002a1c                calc_absolute_acceleration
 .text.calc_magnetic_orientation
                0x0000000008002df4      0x584 Core/components/src/dataProcessing.o
                0x0000000008002df4                calc_magnetic_orientation
 .text.build_data_str
                0x0000000008003378      0x374 Core/components/src/dataProcessing.o
                0x0000000008003378                build_data_str
 .text.GNSS_set_huart
                0x00000000080036ec        0xc Core/components/src/gnss.o
                0x00000000080036ec                GNSS_set_huart
 .text.GNSS_Init
                0x00000000080036f8       0x18 Core/components/src/gnss.o
                0x00000000080036f8                GNSS_Init
 .text.GNSS_RX_Update
                0x0000000008003710      0x440 Core/components/src/gnss.o
                0x0000000008003710                GNSS_RX_Update
 .text.I2C_read
                0x0000000008003b50       0x20 Core/components/src/i2c.o
                0x0000000008003b50                I2C_read
 .text.I2C_write
                0x0000000008003b70       0x20 Core/components/src/i2c.o
                0x0000000008003b70                I2C_write
 .text.led_update
                0x0000000008003b90       0x38 Core/components/src/led.o
                0x0000000008003b90                led_update
 .text.led_set  0x0000000008003bc8        0xc Core/components/src/led.o
                0x0000000008003bc8                led_set
 .text.mpu_set_i2c
                0x0000000008003bd4        0xc Core/components/src/mpu9250.o
                0x0000000008003bd4                mpu_set_i2c
 .text.i2c_write
                0x0000000008003be0       0x20 Core/components/src/mpu9250.o
                0x0000000008003be0                i2c_write
 .text.i2c_read
                0x0000000008003c00       0x20 Core/components/src/mpu9250.o
                0x0000000008003c00                i2c_read
 .text.delay_ms
                0x0000000008003c20        0x4 Core/components/src/mpu9250.o
                0x0000000008003c20                delay_ms
 .text.get_ms   0x0000000008003c24       0x10 Core/components/src/mpu9250.o
                0x0000000008003c24                get_ms
 .text.ms5611_set_i2c
                0x0000000008003c34        0xc Core/components/src/ms5611.o
                0x0000000008003c34                ms5611_set_i2c
 .text.ms5611_init
                0x0000000008003c40      0x100 Core/components/src/ms5611.o
                0x0000000008003c40                ms5611_init
 .text.ms5611_update
                0x0000000008003d40       0xd4 Core/components/src/ms5611.o
                0x0000000008003d40                ms5611_update
 *fill*         0x0000000008003e14        0x4 
 .text.ms5611_get_pressure
                0x0000000008003e18      0x200 Core/components/src/ms5611.o
                0x0000000008003e18                ms5611_get_pressure
 .text.ms5611_timer_update
                0x0000000008004018      0x1f8 Core/components/src/ms5611.o
                0x0000000008004018                ms5611_timer_update
 .text.systickInit
                0x0000000008004210       0x40 Core/components/src/systick.o
                0x0000000008004210                systickInit
 .text.millis   0x0000000008004250        0xc Core/components/src/systick.o
                0x0000000008004250                millis
 .text.delay    0x000000000800425c       0x14 Core/components/src/systick.o
                0x000000000800425c                delay
 .text.systick_Inc
                0x0000000008004270       0x10 Core/components/src/systick.o
                0x0000000008004270                systick_Inc
 .text.HAL_InitTick
                0x0000000008004280       0x48 Drivers/STM32F1xx_HAL_Driver/Src/stm32f1xx_hal.o
                0x0000000008004280                HAL_InitTick
 .text.HAL_Init
                0x00000000080042c8       0x24 Drivers/STM32F1xx_HAL_Driver/Src/stm32f1xx_hal.o
                0x00000000080042c8                HAL_Init
 .text.HAL_IncTick
                0x00000000080042ec       0x18 Drivers/STM32F1xx_HAL_Driver/Src/stm32f1xx_hal.o
                0x00000000080042ec                HAL_IncTick
 .text.HAL_GetTick
                0x0000000008004304        0xc Drivers/STM32F1xx_HAL_Driver/Src/stm32f1xx_hal.o
                0x0000000008004304                HAL_GetTick
 .text.HAL_Delay
                0x0000000008004310       0x24 Drivers/STM32F1xx_HAL_Driver/Src/stm32f1xx_hal.o
                0x0000000008004310                HAL_Delay
 .text.HAL_NVIC_SetPriorityGrouping
                0x0000000008004334       0x24 Drivers/STM32F1xx_HAL_Driver/Src/stm32f1xx_hal_cortex.o
                0x0000000008004334                HAL_NVIC_SetPriorityGrouping
 .text.HAL_NVIC_SetPriority
                0x0000000008004358       0x6c Drivers/STM32F1xx_HAL_Driver/Src/stm32f1xx_hal_cortex.o
                0x0000000008004358                HAL_NVIC_SetPriority
 .text.HAL_NVIC_EnableIRQ
                0x00000000080043c4       0x1c Drivers/STM32F1xx_HAL_Driver/Src/stm32f1xx_hal_cortex.o
                0x00000000080043c4                HAL_NVIC_EnableIRQ
 .text.HAL_SYSTICK_Config
                0x00000000080043e0       0x30 Drivers/STM32F1xx_HAL_Driver/Src/stm32f1xx_hal_cortex.o
                0x00000000080043e0                HAL_SYSTICK_Config
 .text.HAL_DMA_Init
                0x0000000008004410       0x68 Drivers/STM32F1xx_HAL_Driver/Src/stm32f1xx_hal_dma.o
                0x0000000008004410                HAL_DMA_Init
 .text.HAL_DMA_Start_IT
                0x0000000008004478       0x88 Drivers/STM32F1xx_HAL_Driver/Src/stm32f1xx_hal_dma.o
                0x0000000008004478                HAL_DMA_Start_IT
 .text.HAL_DMA_IRQHandler
                0x0000000008004500      0x12c Drivers/STM32F1xx_HAL_Driver/Src/stm32f1xx_hal_dma.o
                0x0000000008004500                HAL_DMA_IRQHandler
 .text.HAL_GPIO_Init
                0x000000000800462c      0x1f4 Drivers/STM32F1xx_HAL_Driver/Src/stm32f1xx_hal_gpio.o
                0x000000000800462c                HAL_GPIO_Init
 .text.HAL_GPIO_WritePin
                0x0000000008004820        0x8 Drivers/STM32F1xx_HAL_Driver/Src/stm32f1xx_hal_gpio.o
                0x0000000008004820                HAL_GPIO_WritePin
 .text.I2C_RequestMemoryWrite
                0x0000000008004828      0x1ec Drivers/STM32F1xx_HAL_Driver/Src/stm32f1xx_hal_i2c.o
 .text.I2C_RequestMemoryRead
                0x0000000008004a14      0x254 Drivers/STM32F1xx_HAL_Driver/Src/stm32f1xx_hal_i2c.o
 .text.HAL_I2C_Init
                0x0000000008004c68      0x170 Drivers/STM32F1xx_HAL_Driver/Src/stm32f1xx_hal_i2c.o
                0x0000000008004c68                HAL_I2C_Init
 .text.HAL_I2C_Mem_Write
                0x0000000008004dd8      0x238 Drivers/STM32F1xx_HAL_Driver/Src/stm32f1xx_hal_i2c.o
                0x0000000008004dd8                HAL_I2C_Mem_Write
 .text.HAL_I2C_Mem_Read
                0x0000000008005010      0x35c Drivers/STM32F1xx_HAL_Driver/Src/stm32f1xx_hal_i2c.o
                0x0000000008005010                HAL_I2C_Mem_Read
 .text.HAL_PCD_Init
                0x000000000800536c       0xfc Drivers/STM32F1xx_HAL_Driver/Src/stm32f1xx_hal_pcd.o
                0x000000000800536c                HAL_PCD_Init
 .text.HAL_PCD_Start
                0x0000000008005468       0x30 Drivers/STM32F1xx_HAL_Driver/Src/stm32f1xx_hal_pcd.o
                0x0000000008005468                HAL_PCD_Start
 .text.HAL_PCD_IRQHandler
                0x0000000008005498      0x4dc Drivers/STM32F1xx_HAL_Driver/Src/stm32f1xx_hal_pcd.o
                0x0000000008005498                HAL_PCD_IRQHandler
 .text.HAL_PCD_SetAddress
                0x0000000008005974       0x28 Drivers/STM32F1xx_HAL_Driver/Src/stm32f1xx_hal_pcd.o
                0x0000000008005974                HAL_PCD_SetAddress
 .text.HAL_PCD_EP_Open
                0x000000000800599c       0x64 Drivers/STM32F1xx_HAL_Driver/Src/stm32f1xx_hal_pcd.o
                0x000000000800599c                HAL_PCD_EP_Open
 .text.HAL_PCD_EP_Close
                0x0000000008005a00       0x58 Drivers/STM32F1xx_HAL_Driver/Src/stm32f1xx_hal_pcd.o
                0x0000000008005a00                HAL_PCD_EP_Close
 .text.HAL_PCD_EP_Receive
                0x0000000008005a58       0x30 Drivers/STM32F1xx_HAL_Driver/Src/stm32f1xx_hal_pcd.o
                0x0000000008005a58                HAL_PCD_EP_Receive
 .text.HAL_PCD_EP_GetRxCount
                0x0000000008005a88       0x10 Drivers/STM32F1xx_HAL_Driver/Src/stm32f1xx_hal_pcd.o
                0x0000000008005a88                HAL_PCD_EP_GetRxCount
 .text.HAL_PCD_EP_Transmit
                0x0000000008005a98       0x2c Drivers/STM32F1xx_HAL_Driver/Src/stm32f1xx_hal_pcd.o
                0x0000000008005a98                HAL_PCD_EP_Transmit
 .text.HAL_PCD_EP_SetStall
                0x0000000008005ac4       0x78 Drivers/STM32F1xx_HAL_Driver/Src/stm32f1xx_hal_pcd.o
                0x0000000008005ac4                HAL_PCD_EP_SetStall
 .text.HAL_PCD_EP_ClrStall
                0x0000000008005b3c       0x70 Drivers/STM32F1xx_HAL_Driver/Src/stm32f1xx_hal_pcd.o
                0x0000000008005b3c                HAL_PCD_EP_ClrStall
 .text.HAL_PCDEx_PMAConfig
                0x0000000008005bac       0x38 Drivers/STM32F1xx_HAL_Driver/Src/stm32f1xx_hal_pcd_ex.o
                0x0000000008005bac                HAL_PCDEx_PMAConfig
 .text.HAL_RCC_OscConfig
                0x0000000008005be4      0x3f0 Drivers/STM32F1xx_HAL_Driver/Src/stm32f1xx_hal_rcc.o
                0x0000000008005be4                HAL_RCC_OscConfig
 .text.HAL_RCC_ClockConfig
                0x0000000008005fd4      0x198 Drivers/STM32F1xx_HAL_Driver/Src/stm32f1xx_hal_rcc.o
                0x0000000008005fd4                HAL_RCC_ClockConfig
 .text.HAL_RCC_GetPCLK1Freq
                0x000000000800616c       0x20 Drivers/STM32F1xx_HAL_Driver/Src/stm32f1xx_hal_rcc.o
                0x000000000800616c                HAL_RCC_GetPCLK1Freq
 .text.HAL_RCC_GetPCLK2Freq
                0x000000000800618c       0x20 Drivers/STM32F1xx_HAL_Driver/Src/stm32f1xx_hal_rcc.o
                0x000000000800618c                HAL_RCC_GetPCLK2Freq
 .text.HAL_RCCEx_PeriphCLKConfig
                0x00000000080061ac      0x104 Drivers/STM32F1xx_HAL_Driver/Src/stm32f1xx_hal_rcc_ex.o
                0x00000000080061ac                HAL_RCCEx_PeriphCLKConfig
 .text.HAL_TIM_Base_Init
                0x00000000080062b0       0x9c Drivers/STM32F1xx_HAL_Driver/Src/stm32f1xx_hal_tim.o
                0x00000000080062b0                HAL_TIM_Base_Init
 .text.HAL_TIM_Base_Start_IT
                0x000000000800634c       0x20 Drivers/STM32F1xx_HAL_Driver/Src/stm32f1xx_hal_tim.o
                0x000000000800634c                HAL_TIM_Base_Start_IT
 .text.HAL_TIM_ConfigClockSource
                0x000000000800636c      0x14c Drivers/STM32F1xx_HAL_Driver/Src/stm32f1xx_hal_tim.o
                0x000000000800636c                HAL_TIM_ConfigClockSource
 .text.HAL_TIM_PeriodElapsedCallback
                0x00000000080064b8        0x4 Drivers/STM32F1xx_HAL_Driver/Src/stm32f1xx_hal_tim.o
                0x00000000080064b8                HAL_TIM_PeriodElapsedCallback
 .text.HAL_TIM_OC_DelayElapsedCallback
                0x00000000080064bc        0x4 Drivers/STM32F1xx_HAL_Driver/Src/stm32f1xx_hal_tim.o
                0x00000000080064bc                HAL_TIM_OC_DelayElapsedCallback
 .text.HAL_TIM_IC_CaptureCallback
                0x00000000080064c0        0x4 Drivers/STM32F1xx_HAL_Driver/Src/stm32f1xx_hal_tim.o
                0x00000000080064c0                HAL_TIM_IC_CaptureCallback
 .text.HAL_TIM_PWM_PulseFinishedCallback
                0x00000000080064c4        0x4 Drivers/STM32F1xx_HAL_Driver/Src/stm32f1xx_hal_tim.o
                0x00000000080064c4                HAL_TIM_PWM_PulseFinishedCallback
 .text.HAL_TIM_TriggerCallback
                0x00000000080064c8        0x4 Drivers/STM32F1xx_HAL_Driver/Src/stm32f1xx_hal_tim.o
                0x00000000080064c8                HAL_TIM_TriggerCallback
 .text.HAL_TIM_IRQHandler
                0x00000000080064cc      0x154 Drivers/STM32F1xx_HAL_Driver/Src/stm32f1xx_hal_tim.o
                0x00000000080064cc                HAL_TIM_IRQHandler
 .text.HAL_TIMEx_MasterConfigSynchronization
                0x0000000008006620       0x44 Drivers/STM32F1xx_HAL_Driver/Src/stm32f1xx_hal_tim_ex.o
                0x0000000008006620                HAL_TIMEx_MasterConfigSynchronization
 .text.HAL_TIMEx_CommutCallback
                0x0000000008006664        0x4 Drivers/STM32F1xx_HAL_Driver/Src/stm32f1xx_hal_tim_ex.o
                0x0000000008006664                HAL_TIMEx_CommutCallback
 .text.HAL_TIMEx_BreakCallback
                0x0000000008006668        0x4 Drivers/STM32F1xx_HAL_Driver/Src/stm32f1xx_hal_tim_ex.o
                0x0000000008006668                HAL_TIMEx_BreakCallback
 .text.HAL_UART_Init
                0x000000000800666c       0xd4 Drivers/STM32F1xx_HAL_Driver/Src/stm32f1xx_hal_uart.o
                0x000000000800666c                HAL_UART_Init
 .text.HAL_UART_Receive_DMA
                0x0000000008006740       0x98 Drivers/STM32F1xx_HAL_Driver/Src/stm32f1xx_hal_uart.o
                0x0000000008006740                HAL_UART_Receive_DMA
 .text.HAL_UART_RxCpltCallback
                0x00000000080067d8        0x4 Drivers/STM32F1xx_HAL_Driver/Src/stm32f1xx_hal_uart.o
                0x00000000080067d8                HAL_UART_RxCpltCallback
 .text.UART_DMAReceiveCplt
                0x00000000080067dc       0x38 Drivers/STM32F1xx_HAL_Driver/Src/stm32f1xx_hal_uart.o
 .text.HAL_UART_RxHalfCpltCallback
                0x0000000008006814        0x4 Drivers/STM32F1xx_HAL_Driver/Src/stm32f1xx_hal_uart.o
                0x0000000008006814                HAL_UART_RxHalfCpltCallback
 .text.UART_DMARxHalfCplt
                0x0000000008006818        0xc Drivers/STM32F1xx_HAL_Driver/Src/stm32f1xx_hal_uart.o
 .text.HAL_UART_ErrorCallback
                0x0000000008006824        0x4 Drivers/STM32F1xx_HAL_Driver/Src/stm32f1xx_hal_uart.o
                0x0000000008006824                HAL_UART_ErrorCallback
 .text.UART_DMAError
                0x0000000008006828       0x64 Drivers/STM32F1xx_HAL_Driver/Src/stm32f1xx_hal_uart.o
 .text.USB_CoreInit
                0x000000000800688c       0x10 Drivers/STM32F1xx_HAL_Driver/Src/stm32f1xx_ll_usb.o
                0x000000000800688c                USB_CoreInit
 .text.USB_EnableGlobalInt
                0x000000000800689c       0x14 Drivers/STM32F1xx_HAL_Driver/Src/stm32f1xx_ll_usb.o
                0x000000000800689c                USB_EnableGlobalInt
 .text.USB_DisableGlobalInt
                0x00000000080068b0       0x14 Drivers/STM32F1xx_HAL_Driver/Src/stm32f1xx_ll_usb.o
                0x00000000080068b0                USB_DisableGlobalInt
 .text.USB_SetCurrentMode
                0x00000000080068c4        0x4 Drivers/STM32F1xx_HAL_Driver/Src/stm32f1xx_ll_usb.o
                0x00000000080068c4                USB_SetCurrentMode
 .text.USB_DevInit
                0x00000000080068c8       0x34 Drivers/STM32F1xx_HAL_Driver/Src/stm32f1xx_ll_usb.o
                0x00000000080068c8                USB_DevInit
 .text.USB_ActivateEndpoint
                0x00000000080068fc      0x310 Drivers/STM32F1xx_HAL_Driver/Src/stm32f1xx_ll_usb.o
                0x00000000080068fc                USB_ActivateEndpoint
 .text.USB_DeactivateEndpoint
                0x0000000008006c0c      0x1ac Drivers/STM32F1xx_HAL_Driver/Src/stm32f1xx_ll_usb.o
                0x0000000008006c0c                USB_DeactivateEndpoint
 .text.USB_EPStartXfer
                0x0000000008006db8      0x250 Drivers/STM32F1xx_HAL_Driver/Src/stm32f1xx_ll_usb.o
                0x0000000008006db8                USB_EPStartXfer
 .text.USB_EPSetStall
                0x0000000008007008       0x44 Drivers/STM32F1xx_HAL_Driver/Src/stm32f1xx_ll_usb.o
                0x0000000008007008                USB_EPSetStall
 .text.USB_EPClearStall
                0x000000000800704c       0xa8 Drivers/STM32F1xx_HAL_Driver/Src/stm32f1xx_ll_usb.o
                0x000000000800704c                USB_EPClearStall
 .text.USB_SetDevAddress
                0x00000000080070f4        0xc Drivers/STM32F1xx_HAL_Driver/Src/stm32f1xx_ll_usb.o
                0x00000000080070f4                USB_SetDevAddress
 .text.USB_DevConnect
                0x0000000008007100        0x4 Drivers/STM32F1xx_HAL_Driver/Src/stm32f1xx_ll_usb.o
                0x0000000008007100                USB_DevConnect
 .text.USB_DevDisconnect
                0x0000000008007104        0x4 Drivers/STM32F1xx_HAL_Driver/Src/stm32f1xx_ll_usb.o
                0x0000000008007104                USB_DevDisconnect
 .text.USB_ReadInterrupts
                0x0000000008007108        0x8 Drivers/STM32F1xx_HAL_Driver/Src/stm32f1xx_ll_usb.o
                0x0000000008007108                USB_ReadInterrupts
 .text.USB_EP0_OutStart
                0x0000000008007110        0x4 Drivers/STM32F1xx_HAL_Driver/Src/stm32f1xx_ll_usb.o
                0x0000000008007110                USB_EP0_OutStart
 .text.USB_ReadPMA
                0x0000000008007114       0x4c Drivers/STM32F1xx_HAL_Driver/Src/stm32f1xx_ll_usb.o
                0x0000000008007114                USB_ReadPMA
 .text.USBD_CDC_EP0_RxReady
                0x0000000008007160       0x2c Middlewares/ST/STM32_USB_Device_Library/Class/CDC/Src/usbd_cdc.o
 .text.USBD_CDC_GetFSCfgDesc
                0x000000000800718c        0xc Middlewares/ST/STM32_USB_Device_Library/Class/CDC/Src/usbd_cdc.o
 .text.USBD_CDC_GetHSCfgDesc
                0x0000000008007198        0xc Middlewares/ST/STM32_USB_Device_Library/Class/CDC/Src/usbd_cdc.o
 .text.USBD_CDC_GetOtherSpeedCfgDesc
                0x00000000080071a4        0xc Middlewares/ST/STM32_USB_Device_Library/Class/CDC/Src/usbd_cdc.o
 .text.USBD_CDC_GetDeviceQualifierDescriptor
                0x00000000080071b0        0xc Middlewares/ST/STM32_USB_Device_Library/Class/CDC/Src/usbd_cdc.o
                0x00000000080071b0                USBD_CDC_GetDeviceQualifierDescriptor
 .text.USBD_CDC_DataOut
                0x00000000080071bc       0x30 Middlewares/ST/STM32_USB_Device_Library/Class/CDC/Src/usbd_cdc.o
 .text.USBD_CDC_DataIn
                0x00000000080071ec       0x44 Middlewares/ST/STM32_USB_Device_Library/Class/CDC/Src/usbd_cdc.o
 .text.USBD_CDC_Setup
                0x0000000008007230       0xc8 Middlewares/ST/STM32_USB_Device_Library/Class/CDC/Src/usbd_cdc.o
 .text.USBD_CDC_DeInit
                0x00000000080072f8       0x44 Middlewares/ST/STM32_USB_Device_Library/Class/CDC/Src/usbd_cdc.o
 .text.USBD_CDC_Init
                0x000000000800733c       0xac Middlewares/ST/STM32_USB_Device_Library/Class/CDC/Src/usbd_cdc.o
 .text.USBD_CDC_RegisterInterface
                0x00000000080073e8       0x10 Middlewares/ST/STM32_USB_Device_Library/Class/CDC/Src/usbd_cdc.o
                0x00000000080073e8                USBD_CDC_RegisterInterface
 .text.USBD_CDC_SetTxBuffer
                0x00000000080073f8       0x10 Middlewares/ST/STM32_USB_Device_Library/Class/CDC/Src/usbd_cdc.o
                0x00000000080073f8                USBD_CDC_SetTxBuffer
 .text.USBD_CDC_SetRxBuffer
                0x0000000008007408        0xc Middlewares/ST/STM32_USB_Device_Library/Class/CDC/Src/usbd_cdc.o
                0x0000000008007408                USBD_CDC_SetRxBuffer
 .text.USBD_CDC_TransmitPacket
                0x0000000008007414       0x34 Middlewares/ST/STM32_USB_Device_Library/Class/CDC/Src/usbd_cdc.o
                0x0000000008007414                USBD_CDC_TransmitPacket
 .text.USBD_CDC_ReceivePacket
                0x0000000008007448       0x30 Middlewares/ST/STM32_USB_Device_Library/Class/CDC/Src/usbd_cdc.o
                0x0000000008007448                USBD_CDC_ReceivePacket
 .text.USBD_Init
                0x0000000008007478       0x2c Middlewares/ST/STM32_USB_Device_Library/Core/Src/usbd_core.o
                0x0000000008007478                USBD_Init
 .text.USBD_RegisterClass
                0x00000000080074a4       0x10 Middlewares/ST/STM32_USB_Device_Library/Core/Src/usbd_core.o
                0x00000000080074a4                USBD_RegisterClass
 .text.USBD_Start
                0x00000000080074b4        0xc Middlewares/ST/STM32_USB_Device_Library/Core/Src/usbd_core.o
                0x00000000080074b4                USBD_Start
 .text.USBD_SetClassConfig
                0x00000000080074c0       0x14 Middlewares/ST/STM32_USB_Device_Library/Core/Src/usbd_core.o
                0x00000000080074c0                USBD_SetClassConfig
 .text.USBD_ClrClassConfig
                0x00000000080074d4       0x10 Middlewares/ST/STM32_USB_Device_Library/Core/Src/usbd_core.o
                0x00000000080074d4                USBD_ClrClassConfig
 .text.USBD_LL_SetupStage
                0x00000000080074e4       0x60 Middlewares/ST/STM32_USB_Device_Library/Core/Src/usbd_core.o
                0x00000000080074e4                USBD_LL_SetupStage
 .text.USBD_LL_DataOutStage
                0x0000000008007544       0x80 Middlewares/ST/STM32_USB_Device_Library/Core/Src/usbd_core.o
                0x0000000008007544                USBD_LL_DataOutStage
 .text.USBD_LL_DataInStage
                0x00000000080075c4       0xc0 Middlewares/ST/STM32_USB_Device_Library/Core/Src/usbd_core.o
                0x00000000080075c4                USBD_LL_DataInStage
 .text.USBD_LL_Reset
                0x0000000008007684       0x50 Middlewares/ST/STM32_USB_Device_Library/Core/Src/usbd_core.o
                0x0000000008007684                USBD_LL_Reset
 .text.USBD_LL_SetSpeed
                0x00000000080076d4        0x8 Middlewares/ST/STM32_USB_Device_Library/Core/Src/usbd_core.o
                0x00000000080076d4                USBD_LL_SetSpeed
 .text.USBD_LL_Suspend
                0x00000000080076dc       0x14 Middlewares/ST/STM32_USB_Device_Library/Core/Src/usbd_core.o
                0x00000000080076dc                USBD_LL_Suspend
 .text.USBD_LL_Resume
                0x00000000080076f0       0x14 Middlewares/ST/STM32_USB_Device_Library/Core/Src/usbd_core.o
                0x00000000080076f0                USBD_LL_Resume
 .text.USBD_LL_SOF
                0x0000000008007704       0x1c Middlewares/ST/STM32_USB_Device_Library/Core/Src/usbd_core.o
                0x0000000008007704                USBD_LL_SOF
 .text.USBD_StdDevReq
                0x0000000008007720      0x2fc Middlewares/ST/STM32_USB_Device_Library/Core/Src/usbd_ctlreq.o
                0x0000000008007720                USBD_StdDevReq
 .text.USBD_StdItfReq
                0x0000000008007a1c       0x58 Middlewares/ST/STM32_USB_Device_Library/Core/Src/usbd_ctlreq.o
                0x0000000008007a1c                USBD_StdItfReq
 .text.USBD_StdEPReq
                0x0000000008007a74      0x12c Middlewares/ST/STM32_USB_Device_Library/Core/Src/usbd_ctlreq.o
                0x0000000008007a74                USBD_StdEPReq
 .text.USBD_ParseSetupRequest
                0x0000000008007ba0       0x28 Middlewares/ST/STM32_USB_Device_Library/Core/Src/usbd_ctlreq.o
                0x0000000008007ba0                USBD_ParseSetupRequest
 .text.USBD_CtlError
                0x0000000008007bc8       0x18 Middlewares/ST/STM32_USB_Device_Library/Core/Src/usbd_ctlreq.o
                0x0000000008007bc8                USBD_CtlError
 .text.USBD_GetString
                0x0000000008007be0       0x4c Middlewares/ST/STM32_USB_Device_Library/Core/Src/usbd_ctlreq.o
                0x0000000008007be0                USBD_GetString
 .text.USBD_CtlSendData
                0x0000000008007c2c       0x1c Middlewares/ST/STM32_USB_Device_Library/Core/Src/usbd_ioreq.o
                0x0000000008007c2c                USBD_CtlSendData
 .text.USBD_CtlContinueSendData
                0x0000000008007c48       0x10 Middlewares/ST/STM32_USB_Device_Library/Core/Src/usbd_ioreq.o
                0x0000000008007c48                USBD_CtlContinueSendData
 .text.USBD_CtlPrepareRx
                0x0000000008007c58       0x20 Middlewares/ST/STM32_USB_Device_Library/Core/Src/usbd_ioreq.o
                0x0000000008007c58                USBD_CtlPrepareRx
 .text.USBD_CtlContinueRx
                0x0000000008007c78       0x10 Middlewares/ST/STM32_USB_Device_Library/Core/Src/usbd_ioreq.o
                0x0000000008007c78                USBD_CtlContinueRx
 .text.USBD_CtlSendStatus
                0x0000000008007c88       0x18 Middlewares/ST/STM32_USB_Device_Library/Core/Src/usbd_ioreq.o
                0x0000000008007c88                USBD_CtlSendStatus
 .text.USBD_CtlReceiveStatus
                0x0000000008007ca0       0x18 Middlewares/ST/STM32_USB_Device_Library/Core/Src/usbd_ioreq.o
                0x0000000008007ca0                USBD_CtlReceiveStatus
 .text.MX_USB_DEVICE_Init
                0x0000000008007cb8       0x58 USB_DEVICE/App/usb_device.o
                0x0000000008007cb8                MX_USB_DEVICE_Init
 .text.CDC_DeInit_FS
                0x0000000008007d10        0x4 USB_DEVICE/App/usbd_cdc_if.o
 .text.CDC_Control_FS
                0x0000000008007d14        0x4 USB_DEVICE/App/usbd_cdc_if.o
 .text.CDC_Receive_FS
                0x0000000008007d18       0x1c USB_DEVICE/App/usbd_cdc_if.o
 .text.CDC_Init_FS
                0x0000000008007d34       0x28 USB_DEVICE/App/usbd_cdc_if.o
 .text.CDC_Transmit_FS
                0x0000000008007d5c       0x2c USB_DEVICE/App/usbd_cdc_if.o
                0x0000000008007d5c                CDC_Transmit_FS
 .text.USBD_FS_DeviceDescriptor
                0x0000000008007d88        0xc USB_DEVICE/App/usbd_desc.o
                0x0000000008007d88                USBD_FS_DeviceDescriptor
 .text.USBD_FS_LangIDStrDescriptor
                0x0000000008007d94        0xc USB_DEVICE/App/usbd_desc.o
                0x0000000008007d94                USBD_FS_LangIDStrDescriptor
 .text.USBD_FS_ManufacturerStrDescriptor
                0x0000000008007da0       0x1c USB_DEVICE/App/usbd_desc.o
                0x0000000008007da0                USBD_FS_ManufacturerStrDescriptor
 .text.USBD_FS_ProductStrDescriptor
                0x0000000008007dbc       0x1c USB_DEVICE/App/usbd_desc.o
                0x0000000008007dbc                USBD_FS_ProductStrDescriptor
 .text.USBD_FS_ConfigStrDescriptor
                0x0000000008007dd8       0x1c USB_DEVICE/App/usbd_desc.o
                0x0000000008007dd8                USBD_FS_ConfigStrDescriptor
 .text.USBD_FS_InterfaceStrDescriptor
                0x0000000008007df4       0x1c USB_DEVICE/App/usbd_desc.o
                0x0000000008007df4                USBD_FS_InterfaceStrDescriptor
 .text.USBD_FS_SerialStrDescriptor
                0x0000000008007e10      0x124 USB_DEVICE/App/usbd_desc.o
                0x0000000008007e10                USBD_FS_SerialStrDescriptor
 .text.HAL_PCD_MspInit
                0x0000000008007f34       0x40 USB_DEVICE/Target/usbd_conf.o
                0x0000000008007f34                HAL_PCD_MspInit
 .text.HAL_PCD_SetupStageCallback
                0x0000000008007f74        0xc USB_DEVICE/Target/usbd_conf.o
                0x0000000008007f74                HAL_PCD_SetupStageCallback
 .text.HAL_PCD_DataOutStageCallback
                0x0000000008007f80       0x10 USB_DEVICE/Target/usbd_conf.o
                0x0000000008007f80                HAL_PCD_DataOutStageCallback
 .text.HAL_PCD_DataInStageCallback
                0x0000000008007f90       0x10 USB_DEVICE/Target/usbd_conf.o
                0x0000000008007f90                HAL_PCD_DataInStageCallback
 .text.HAL_PCD_SOFCallback
                0x0000000008007fa0        0x8 USB_DEVICE/Target/usbd_conf.o
                0x0000000008007fa0                HAL_PCD_SOFCallback
 .text.HAL_PCD_ResetCallback
                0x0000000008007fa8       0x24 USB_DEVICE/Target/usbd_conf.o
                0x0000000008007fa8                HAL_PCD_ResetCallback
 .text.HAL_PCD_SuspendCallback
                0x0000000008007fcc       0x20 USB_DEVICE/Target/usbd_conf.o
                0x0000000008007fcc                HAL_PCD_SuspendCallback
 .text.HAL_PCD_ResumeCallback
                0x0000000008007fec        0x8 USB_DEVICE/Target/usbd_conf.o
                0x0000000008007fec                HAL_PCD_ResumeCallback
 .text.USBD_LL_Init
                0x0000000008007ff4       0x84 USB_DEVICE/Target/usbd_conf.o
                0x0000000008007ff4                USBD_LL_Init
 .text.USBD_LL_Start
                0x0000000008008078       0x1c USB_DEVICE/Target/usbd_conf.o
                0x0000000008008078                USBD_LL_Start
 .text.USBD_LL_OpenEP
                0x0000000008008094       0x20 USB_DEVICE/Target/usbd_conf.o
                0x0000000008008094                USBD_LL_OpenEP
 .text.USBD_LL_CloseEP
                0x00000000080080b4       0x1c USB_DEVICE/Target/usbd_conf.o
                0x00000000080080b4                USBD_LL_CloseEP
 .text.USBD_LL_StallEP
                0x00000000080080d0       0x1c USB_DEVICE/Target/usbd_conf.o
                0x00000000080080d0                USBD_LL_StallEP
 .text.USBD_LL_ClearStallEP
                0x00000000080080ec       0x1c USB_DEVICE/Target/usbd_conf.o
                0x00000000080080ec                USBD_LL_ClearStallEP
 .text.USBD_LL_IsStallEP
                0x0000000008008108       0x20 USB_DEVICE/Target/usbd_conf.o
                0x0000000008008108                USBD_LL_IsStallEP
 .text.USBD_LL_SetUSBAddress
                0x0000000008008128       0x1c USB_DEVICE/Target/usbd_conf.o
                0x0000000008008128                USBD_LL_SetUSBAddress
 .text.USBD_LL_Transmit
                0x0000000008008144       0x1c USB_DEVICE/Target/usbd_conf.o
                0x0000000008008144                USBD_LL_Transmit
 .text.USBD_LL_PrepareReceive
                0x0000000008008160       0x1c USB_DEVICE/Target/usbd_conf.o
                0x0000000008008160                USBD_LL_PrepareReceive
 .text.USBD_LL_GetRxDataSize
                0x000000000800817c        0x8 USB_DEVICE/Target/usbd_conf.o
                0x000000000800817c                USBD_LL_GetRxDataSize
 .text.USBD_static_malloc
                0x0000000008008184        0x8 USB_DEVICE/Target/usbd_conf.o
                0x0000000008008184                USBD_static_malloc
 .text.USBD_static_free
                0x000000000800818c        0x4 USB_DEVICE/Target/usbd_conf.o
                0x000000000800818c                USBD_static_free
 .text.HAL_PCDEx_SetConnectionState
                0x0000000008008190        0x4 USB_DEVICE/Target/usbd_conf.o
                0x0000000008008190                HAL_PCDEx_SetConnectionState
 .text.arm_mat_trans_f32
                0x0000000008008194       0xb0 C:\Users\yuche\STM32CubeIDE\workspace_1.3.0\XIMU\Core\libraries\libarm_cortexM3l_math.a(arm_mat_trans_f32.o)
                0x0000000008008194                arm_mat_trans_f32
 .text.arm_mat_init_f32
                0x0000000008008244        0x8 C:\Users\yuche\STM32CubeIDE\workspace_1.3.0\XIMU\Core\libraries\libarm_cortexM3l_math.a(arm_mat_init_f32.o)
                0x0000000008008244                arm_mat_init_f32
 .text.atof     0x000000000800824c        0x6 c:/st/stm32cubeide_1.3.0/stm32cubeide/plugins/com.st.stm32cube.ide.mcu.externaltools.gnu-tools-for-stm32.7-2018-q2-update.win32_1.0.0.201904181610/tools/bin/../lib/gcc/arm-none-eabi/7.3.1/../../../../arm-none-eabi/lib/thumb/v7-m\libc_nano.a(lib_a-atof.o)
                0x000000000800824c                atof
 .text.atoi     0x0000000008008252        0x8 c:/st/stm32cubeide_1.3.0/stm32cubeide/plugins/com.st.stm32cube.ide.mcu.externaltools.gnu-tools-for-stm32.7-2018-q2-update.win32_1.0.0.201904181610/tools/bin/../lib/gcc/arm-none-eabi/7.3.1/../../../../arm-none-eabi/lib/thumb/v7-m\libc_nano.a(lib_a-atoi.o)
                0x0000000008008252                atoi
 *fill*         0x000000000800825a        0x2 
 .text.__errno  0x000000000800825c        0xc c:/st/stm32cubeide_1.3.0/stm32cubeide/plugins/com.st.stm32cube.ide.mcu.externaltools.gnu-tools-for-stm32.7-2018-q2-update.win32_1.0.0.201904181610/tools/bin/../lib/gcc/arm-none-eabi/7.3.1/../../../../arm-none-eabi/lib/thumb/v7-m\libc_nano.a(lib_a-errno.o)
                0x000000000800825c                __errno
 .text.__libc_init_array
                0x0000000008008268       0x48 c:/st/stm32cubeide_1.3.0/stm32cubeide/plugins/com.st.stm32cube.ide.mcu.externaltools.gnu-tools-for-stm32.7-2018-q2-update.win32_1.0.0.201904181610/tools/bin/../lib/gcc/arm-none-eabi/7.3.1/../../../../arm-none-eabi/lib/thumb/v7-m\libc_nano.a(lib_a-init.o)
                0x0000000008008268                __libc_init_array
 .text.__itoa   0x00000000080082b0       0x30 c:/st/stm32cubeide_1.3.0/stm32cubeide/plugins/com.st.stm32cube.ide.mcu.externaltools.gnu-tools-for-stm32.7-2018-q2-update.win32_1.0.0.201904181610/tools/bin/../lib/gcc/arm-none-eabi/7.3.1/../../../../arm-none-eabi/lib/thumb/v7-m\libc_nano.a(lib_a-itoa.o)
                0x00000000080082b0                __itoa
 .text.itoa     0x00000000080082e0        0x4 c:/st/stm32cubeide_1.3.0/stm32cubeide/plugins/com.st.stm32cube.ide.mcu.externaltools.gnu-tools-for-stm32.7-2018-q2-update.win32_1.0.0.201904181610/tools/bin/../lib/gcc/arm-none-eabi/7.3.1/../../../../arm-none-eabi/lib/thumb/v7-m\libc_nano.a(lib_a-itoa.o)
                0x00000000080082e0                itoa
 .text.memcmp   0x00000000080082e4       0x1e c:/st/stm32cubeide_1.3.0/stm32cubeide/plugins/com.st.stm32cube.ide.mcu.externaltools.gnu-tools-for-stm32.7-2018-q2-update.win32_1.0.0.201904181610/tools/bin/../lib/gcc/arm-none-eabi/7.3.1/../../../../arm-none-eabi/lib/thumb/v7-m\libc_nano.a(lib_a-memcmp.o)
                0x00000000080082e4                memcmp
 .text.memcpy   0x0000000008008302       0x16 c:/st/stm32cubeide_1.3.0/stm32cubeide/plugins/com.st.stm32cube.ide.mcu.externaltools.gnu-tools-for-stm32.7-2018-q2-update.win32_1.0.0.201904181610/tools/bin/../lib/gcc/arm-none-eabi/7.3.1/../../../../arm-none-eabi/lib/thumb/v7-m\libc_nano.a(lib_a-memcpy-stub.o)
                0x0000000008008302                memcpy
 .text.memset   0x0000000008008318       0x10 c:/st/stm32cubeide_1.3.0/stm32cubeide/plugins/com.st.stm32cube.ide.mcu.externaltools.gnu-tools-for-stm32.7-2018-q2-update.win32_1.0.0.201904181610/tools/bin/../lib/gcc/arm-none-eabi/7.3.1/../../../../arm-none-eabi/lib/thumb/v7-m\libc_nano.a(lib_a-memset.o)
                0x0000000008008318                memset
 .text.sscanf   0x0000000008008328       0x54 c:/st/stm32cubeide_1.3.0/stm32cubeide/plugins/com.st.stm32cube.ide.mcu.externaltools.gnu-tools-for-stm32.7-2018-q2-update.win32_1.0.0.201904181610/tools/bin/../lib/gcc/arm-none-eabi/7.3.1/../../../../arm-none-eabi/lib/thumb/v7-m\libc_nano.a(lib_a-sscanf.o)
                0x0000000008008328                siscanf
                0x0000000008008328                sscanf
 .text.__seofread
                0x000000000800837c        0x4 c:/st/stm32cubeide_1.3.0/stm32cubeide/plugins/com.st.stm32cube.ide.mcu.externaltools.gnu-tools-for-stm32.7-2018-q2-update.win32_1.0.0.201904181610/tools/bin/../lib/gcc/arm-none-eabi/7.3.1/../../../../arm-none-eabi/lib/thumb/v7-m\libc_nano.a(lib_a-stdio.o)
                0x000000000800837c                __seofread
 .text.stpcpy   0x0000000008008380       0x12 c:/st/stm32cubeide_1.3.0/stm32cubeide/plugins/com.st.stm32cube.ide.mcu.externaltools.gnu-tools-for-stm32.7-2018-q2-update.win32_1.0.0.201904181610/tools/bin/../lib/gcc/arm-none-eabi/7.3.1/../../../../arm-none-eabi/lib/thumb/v7-m\libc_nano.a(lib_a-stpcpy.o)
                0x0000000008008380                stpcpy
 .text.strcpy   0x0000000008008392       0x10 c:/st/stm32cubeide_1.3.0/stm32cubeide/plugins/com.st.stm32cube.ide.mcu.externaltools.gnu-tools-for-stm32.7-2018-q2-update.win32_1.0.0.201904181610/tools/bin/../lib/gcc/arm-none-eabi/7.3.1/../../../../arm-none-eabi/lib/thumb/v7-m\libc_nano.a(lib_a-strcpy.o)
                0x0000000008008392                strcpy
 .text.strstr   0x00000000080083a2       0x34 c:/st/stm32cubeide_1.3.0/stm32cubeide/plugins/com.st.stm32cube.ide.mcu.externaltools.gnu-tools-for-stm32.7-2018-q2-update.win32_1.0.0.201904181610/tools/bin/../lib/gcc/arm-none-eabi/7.3.1/../../../../arm-none-eabi/lib/thumb/v7-m\libc_nano.a(lib_a-strstr.o)
                0x00000000080083a2                strstr
 .text.unlikely.sulp
                0x00000000080083d6       0x42 c:/st/stm32cubeide_1.3.0/stm32cubeide/plugins/com.st.stm32cube.ide.mcu.externaltools.gnu-tools-for-stm32.7-2018-q2-update.win32_1.0.0.201904181610/tools/bin/../lib/gcc/arm-none-eabi/7.3.1/../../../../arm-none-eabi/lib/thumb/v7-m\libc_nano.a(lib_a-strtod.o)
 .text._strtod_l
                0x0000000008008418      0xc00 c:/st/stm32cubeide_1.3.0/stm32cubeide/plugins/com.st.stm32cube.ide.mcu.externaltools.gnu-tools-for-stm32.7-2018-q2-update.win32_1.0.0.201904181610/tools/bin/../lib/gcc/arm-none-eabi/7.3.1/../../../../arm-none-eabi/lib/thumb/v7-m\libc_nano.a(lib_a-strtod.o)
                0x0000000008008418                _strtod_l
 .text.strtod   0x0000000008009018       0x24 c:/st/stm32cubeide_1.3.0/stm32cubeide/plugins/com.st.stm32cube.ide.mcu.externaltools.gnu-tools-for-stm32.7-2018-q2-update.win32_1.0.0.201904181610/tools/bin/../lib/gcc/arm-none-eabi/7.3.1/../../../../arm-none-eabi/lib/thumb/v7-m\libc_nano.a(lib_a-strtod.o)
                0x0000000008009018                strtod
 .text._strtol_l.isra.0
                0x000000000800903c       0xf6 c:/st/stm32cubeide_1.3.0/stm32cubeide/plugins/com.st.stm32cube.ide.mcu.externaltools.gnu-tools-for-stm32.7-2018-q2-update.win32_1.0.0.201904181610/tools/bin/../lib/gcc/arm-none-eabi/7.3.1/../../../../arm-none-eabi/lib/thumb/v7-m\libc_nano.a(lib_a-strtol.o)
 *fill*         0x0000000008009132        0x2 
 .text._strtol_r
                0x0000000008009134       0x24 c:/st/stm32cubeide_1.3.0/stm32cubeide/plugins/com.st.stm32cube.ide.mcu.externaltools.gnu-tools-for-stm32.7-2018-q2-update.win32_1.0.0.201904181610/tools/bin/../lib/gcc/arm-none-eabi/7.3.1/../../../../arm-none-eabi/lib/thumb/v7-m\libc_nano.a(lib_a-strtol.o)
                0x0000000008009134                _strtol_r
 .text.strtol   0x0000000008009158       0x2c c:/st/stm32cubeide_1.3.0/stm32cubeide/plugins/com.st.stm32cube.ide.mcu.externaltools.gnu-tools-for-stm32.7-2018-q2-update.win32_1.0.0.201904181610/tools/bin/../lib/gcc/arm-none-eabi/7.3.1/../../../../arm-none-eabi/lib/thumb/v7-m\libc_nano.a(lib_a-strtol.o)
                0x0000000008009158                strtol
 .text.__utoa   0x0000000008009184       0x7c c:/st/stm32cubeide_1.3.0/stm32cubeide/plugins/com.st.stm32cube.ide.mcu.externaltools.gnu-tools-for-stm32.7-2018-q2-update.win32_1.0.0.201904181610/tools/bin/../lib/gcc/arm-none-eabi/7.3.1/../../../../arm-none-eabi/lib/thumb/v7-m\libc_nano.a(lib_a-utoa.o)
                0x0000000008009184                __utoa
 .text.rshift   0x0000000008009200       0x76 c:/st/stm32cubeide_1.3.0/stm32cubeide/plugins/com.st.stm32cube.ide.mcu.externaltools.gnu-tools-for-stm32.7-2018-q2-update.win32_1.0.0.201904181610/tools/bin/../lib/gcc/arm-none-eabi/7.3.1/../../../../arm-none-eabi/lib/thumb/v7-m\libc_nano.a(lib_a-gdtoa-gethex.o)
 .text.__hexdig_fun
                0x0000000008009276       0x2a c:/st/stm32cubeide_1.3.0/stm32cubeide/plugins/com.st.stm32cube.ide.mcu.externaltools.gnu-tools-for-stm32.7-2018-q2-update.win32_1.0.0.201904181610/tools/bin/../lib/gcc/arm-none-eabi/7.3.1/../../../../arm-none-eabi/lib/thumb/v7-m\libc_nano.a(lib_a-gdtoa-gethex.o)
                0x0000000008009276                __hexdig_fun
 .text.__gethex
                0x00000000080092a0      0x444 c:/st/stm32cubeide_1.3.0/stm32cubeide/plugins/com.st.stm32cube.ide.mcu.externaltools.gnu-tools-for-stm32.7-2018-q2-update.win32_1.0.0.201904181610/tools/bin/../lib/gcc/arm-none-eabi/7.3.1/../../../../arm-none-eabi/lib/thumb/v7-m\libc_nano.a(lib_a-gdtoa-gethex.o)
                0x00000000080092a0                __gethex
 .text.L_shift  0x00000000080096e4       0x24 c:/st/stm32cubeide_1.3.0/stm32cubeide/plugins/com.st.stm32cube.ide.mcu.externaltools.gnu-tools-for-stm32.7-2018-q2-update.win32_1.0.0.201904181610/tools/bin/../lib/gcc/arm-none-eabi/7.3.1/../../../../arm-none-eabi/lib/thumb/v7-m\libc_nano.a(lib_a-gdtoa-hexnan.o)
 .text.__match  0x0000000008009708       0x28 c:/st/stm32cubeide_1.3.0/stm32cubeide/plugins/com.st.stm32cube.ide.mcu.externaltools.gnu-tools-for-stm32.7-2018-q2-update.win32_1.0.0.201904181610/tools/bin/../lib/gcc/arm-none-eabi/7.3.1/../../../../arm-none-eabi/lib/thumb/v7-m\libc_nano.a(lib_a-gdtoa-hexnan.o)
                0x0000000008009708                __match
 .text.__hexnan
                0x0000000008009730      0x120 c:/st/stm32cubeide_1.3.0/stm32cubeide/plugins/com.st.stm32cube.ide.mcu.externaltools.gnu-tools-for-stm32.7-2018-q2-update.win32_1.0.0.201904181610/tools/bin/../lib/gcc/arm-none-eabi/7.3.1/../../../../arm-none-eabi/lib/thumb/v7-m\libc_nano.a(lib_a-gdtoa-hexnan.o)
                0x0000000008009730                __hexnan
 .text.__locale_ctype_ptr_l
                0x0000000008009850        0x6 c:/st/stm32cubeide_1.3.0/stm32cubeide/plugins/com.st.stm32cube.ide.mcu.externaltools.gnu-tools-for-stm32.7-2018-q2-update.win32_1.0.0.201904181610/tools/bin/../lib/gcc/arm-none-eabi/7.3.1/../../../../arm-none-eabi/lib/thumb/v7-m\libc_nano.a(lib_a-locale.o)
                0x0000000008009850                __locale_ctype_ptr_l
 *fill*         0x0000000008009856        0x2 
 .text.__locale_ctype_ptr
                0x0000000008009858       0x1c c:/st/stm32cubeide_1.3.0/stm32cubeide/plugins/com.st.stm32cube.ide.mcu.externaltools.gnu-tools-for-stm32.7-2018-q2-update.win32_1.0.0.201904181610/tools/bin/../lib/gcc/arm-none-eabi/7.3.1/../../../../arm-none-eabi/lib/thumb/v7-m\libc_nano.a(lib_a-locale.o)
                0x0000000008009858                __locale_ctype_ptr
 .text.__localeconv_l
                0x0000000008009874        0x4 c:/st/stm32cubeide_1.3.0/stm32cubeide/plugins/com.st.stm32cube.ide.mcu.externaltools.gnu-tools-for-stm32.7-2018-q2-update.win32_1.0.0.201904181610/tools/bin/../lib/gcc/arm-none-eabi/7.3.1/../../../../arm-none-eabi/lib/thumb/v7-m\libc_nano.a(lib_a-localeconv.o)
                0x0000000008009874                __localeconv_l
 .text.__ascii_mbtowc
                0x0000000008009878       0x24 c:/st/stm32cubeide_1.3.0/stm32cubeide/plugins/com.st.stm32cube.ide.mcu.externaltools.gnu-tools-for-stm32.7-2018-q2-update.win32_1.0.0.201904181610/tools/bin/../lib/gcc/arm-none-eabi/7.3.1/../../../../arm-none-eabi/lib/thumb/v7-m\libc_nano.a(lib_a-mbtowc_r.o)
                0x0000000008009878                __ascii_mbtowc
 .text._Balloc  0x000000000800989c       0x68 c:/st/stm32cubeide_1.3.0/stm32cubeide/plugins/com.st.stm32cube.ide.mcu.externaltools.gnu-tools-for-stm32.7-2018-q2-update.win32_1.0.0.201904181610/tools/bin/../lib/gcc/arm-none-eabi/7.3.1/../../../../arm-none-eabi/lib/thumb/v7-m\libc_nano.a(lib_a-mprec.o)
                0x000000000800989c                _Balloc
 .text._Bfree   0x0000000008009904       0x2e c:/st/stm32cubeide_1.3.0/stm32cubeide/plugins/com.st.stm32cube.ide.mcu.externaltools.gnu-tools-for-stm32.7-2018-q2-update.win32_1.0.0.201904181610/tools/bin/../lib/gcc/arm-none-eabi/7.3.1/../../../../arm-none-eabi/lib/thumb/v7-m\libc_nano.a(lib_a-mprec.o)
                0x0000000008009904                _Bfree
 .text.__multadd
                0x0000000008009932       0x76 c:/st/stm32cubeide_1.3.0/stm32cubeide/plugins/com.st.stm32cube.ide.mcu.externaltools.gnu-tools-for-stm32.7-2018-q2-update.win32_1.0.0.201904181610/tools/bin/../lib/gcc/arm-none-eabi/7.3.1/../../../../arm-none-eabi/lib/thumb/v7-m\libc_nano.a(lib_a-mprec.o)
                0x0000000008009932                __multadd
 .text.__s2b    0x00000000080099a8       0x7c c:/st/stm32cubeide_1.3.0/stm32cubeide/plugins/com.st.stm32cube.ide.mcu.externaltools.gnu-tools-for-stm32.7-2018-q2-update.win32_1.0.0.201904181610/tools/bin/../lib/gcc/arm-none-eabi/7.3.1/../../../../arm-none-eabi/lib/thumb/v7-m\libc_nano.a(lib_a-mprec.o)
                0x00000000080099a8                __s2b
 .text.__hi0bits
                0x0000000008009a24       0x3e c:/st/stm32cubeide_1.3.0/stm32cubeide/plugins/com.st.stm32cube.ide.mcu.externaltools.gnu-tools-for-stm32.7-2018-q2-update.win32_1.0.0.201904181610/tools/bin/../lib/gcc/arm-none-eabi/7.3.1/../../../../arm-none-eabi/lib/thumb/v7-m\libc_nano.a(lib_a-mprec.o)
                0x0000000008009a24                __hi0bits
 .text.__lo0bits
                0x0000000008009a62       0x5e c:/st/stm32cubeide_1.3.0/stm32cubeide/plugins/com.st.stm32cube.ide.mcu.externaltools.gnu-tools-for-stm32.7-2018-q2-update.win32_1.0.0.201904181610/tools/bin/../lib/gcc/arm-none-eabi/7.3.1/../../../../arm-none-eabi/lib/thumb/v7-m\libc_nano.a(lib_a-mprec.o)
                0x0000000008009a62                __lo0bits
 .text.__i2b    0x0000000008009ac0       0x12 c:/st/stm32cubeide_1.3.0/stm32cubeide/plugins/com.st.stm32cube.ide.mcu.externaltools.gnu-tools-for-stm32.7-2018-q2-update.win32_1.0.0.201904181610/tools/bin/../lib/gcc/arm-none-eabi/7.3.1/../../../../arm-none-eabi/lib/thumb/v7-m\libc_nano.a(lib_a-mprec.o)
                0x0000000008009ac0                __i2b
 .text.__multiply
                0x0000000008009ad2      0x12a c:/st/stm32cubeide_1.3.0/stm32cubeide/plugins/com.st.stm32cube.ide.mcu.externaltools.gnu-tools-for-stm32.7-2018-q2-update.win32_1.0.0.201904181610/tools/bin/../lib/gcc/arm-none-eabi/7.3.1/../../../../arm-none-eabi/lib/thumb/v7-m\libc_nano.a(lib_a-mprec.o)
                0x0000000008009ad2                __multiply
 .text.__pow5mult
                0x0000000008009bfc       0x9c c:/st/stm32cubeide_1.3.0/stm32cubeide/plugins/com.st.stm32cube.ide.mcu.externaltools.gnu-tools-for-stm32.7-2018-q2-update.win32_1.0.0.201904181610/tools/bin/../lib/gcc/arm-none-eabi/7.3.1/../../../../arm-none-eabi/lib/thumb/v7-m\libc_nano.a(lib_a-mprec.o)
                0x0000000008009bfc                __pow5mult
 .text.__lshift
                0x0000000008009c98       0xa8 c:/st/stm32cubeide_1.3.0/stm32cubeide/plugins/com.st.stm32cube.ide.mcu.externaltools.gnu-tools-for-stm32.7-2018-q2-update.win32_1.0.0.201904181610/tools/bin/../lib/gcc/arm-none-eabi/7.3.1/../../../../arm-none-eabi/lib/thumb/v7-m\libc_nano.a(lib_a-mprec.o)
                0x0000000008009c98                __lshift
 .text.__mcmp   0x0000000008009d40       0x34 c:/st/stm32cubeide_1.3.0/stm32cubeide/plugins/com.st.stm32cube.ide.mcu.externaltools.gnu-tools-for-stm32.7-2018-q2-update.win32_1.0.0.201904181610/tools/bin/../lib/gcc/arm-none-eabi/7.3.1/../../../../arm-none-eabi/lib/thumb/v7-m\libc_nano.a(lib_a-mprec.o)
                0x0000000008009d40                __mcmp
 .text.__mdiff  0x0000000008009d74       0xbc c:/st/stm32cubeide_1.3.0/stm32cubeide/plugins/com.st.stm32cube.ide.mcu.externaltools.gnu-tools-for-stm32.7-2018-q2-update.win32_1.0.0.201904181610/tools/bin/../lib/gcc/arm-none-eabi/7.3.1/../../../../arm-none-eabi/lib/thumb/v7-m\libc_nano.a(lib_a-mprec.o)
                0x0000000008009d74                __mdiff
 .text.__ulp    0x0000000008009e30       0x48 c:/st/stm32cubeide_1.3.0/stm32cubeide/plugins/com.st.stm32cube.ide.mcu.externaltools.gnu-tools-for-stm32.7-2018-q2-update.win32_1.0.0.201904181610/tools/bin/../lib/gcc/arm-none-eabi/7.3.1/../../../../arm-none-eabi/lib/thumb/v7-m\libc_nano.a(lib_a-mprec.o)
                0x0000000008009e30                __ulp
 .text.__b2d    0x0000000008009e78       0xa4 c:/st/stm32cubeide_1.3.0/stm32cubeide/plugins/com.st.stm32cube.ide.mcu.externaltools.gnu-tools-for-stm32.7-2018-q2-update.win32_1.0.0.201904181610/tools/bin/../lib/gcc/arm-none-eabi/7.3.1/../../../../arm-none-eabi/lib/thumb/v7-m\libc_nano.a(lib_a-mprec.o)
                0x0000000008009e78                __b2d
 .text.__d2b    0x0000000008009f1c       0x9e c:/st/stm32cubeide_1.3.0/stm32cubeide/plugins/com.st.stm32cube.ide.mcu.externaltools.gnu-tools-for-stm32.7-2018-q2-update.win32_1.0.0.201904181610/tools/bin/../lib/gcc/arm-none-eabi/7.3.1/../../../../arm-none-eabi/lib/thumb/v7-m\libc_nano.a(lib_a-mprec.o)
                0x0000000008009f1c                __d2b
 .text.__ratio  0x0000000008009fba       0x5c c:/st/stm32cubeide_1.3.0/stm32cubeide/plugins/com.st.stm32cube.ide.mcu.externaltools.gnu-tools-for-stm32.7-2018-q2-update.win32_1.0.0.201904181610/tools/bin/../lib/gcc/arm-none-eabi/7.3.1/../../../../arm-none-eabi/lib/thumb/v7-m\libc_nano.a(lib_a-mprec.o)
                0x0000000008009fba                __ratio
 .text.__copybits
                0x000000000800a016       0x34 c:/st/stm32cubeide_1.3.0/stm32cubeide/plugins/com.st.stm32cube.ide.mcu.externaltools.gnu-tools-for-stm32.7-2018-q2-update.win32_1.0.0.201904181610/tools/bin/../lib/gcc/arm-none-eabi/7.3.1/../../../../arm-none-eabi/lib/thumb/v7-m\libc_nano.a(lib_a-mprec.o)
                0x000000000800a016                __copybits
 .text.__any_on
                0x000000000800a04a       0x42 c:/st/stm32cubeide_1.3.0/stm32cubeide/plugins/com.st.stm32cube.ide.mcu.externaltools.gnu-tools-for-stm32.7-2018-q2-update.win32_1.0.0.201904181610/tools/bin/../lib/gcc/arm-none-eabi/7.3.1/../../../../arm-none-eabi/lib/thumb/v7-m\libc_nano.a(lib_a-mprec.o)
                0x000000000800a04a                __any_on
 .text._calloc_r
                0x000000000800a08c       0x1c c:/st/stm32cubeide_1.3.0/stm32cubeide/plugins/com.st.stm32cube.ide.mcu.externaltools.gnu-tools-for-stm32.7-2018-q2-update.win32_1.0.0.201904181610/tools/bin/../lib/gcc/arm-none-eabi/7.3.1/../../../../arm-none-eabi/lib/thumb/v7-m\libc_nano.a(lib_a-nano-callocr.o)
                0x000000000800a08c                _calloc_r
 .text._malloc_r
                0x000000000800a0a8       0xb4 c:/st/stm32cubeide_1.3.0/stm32cubeide/plugins/com.st.stm32cube.ide.mcu.externaltools.gnu-tools-for-stm32.7-2018-q2-update.win32_1.0.0.201904181610/tools/bin/../lib/gcc/arm-none-eabi/7.3.1/../../../../arm-none-eabi/lib/thumb/v7-m\libc_nano.a(lib_a-nano-mallocr.o)
                0x000000000800a0a8                _malloc_r
 .text._sungetc_r
                0x000000000800a15c       0x7a c:/st/stm32cubeide_1.3.0/stm32cubeide/plugins/com.st.stm32cube.ide.mcu.externaltools.gnu-tools-for-stm32.7-2018-q2-update.win32_1.0.0.201904181610/tools/bin/../lib/gcc/arm-none-eabi/7.3.1/../../../../arm-none-eabi/lib/thumb/v7-m\libc_nano.a(lib_a-nano-svfscanf.o)
                0x000000000800a15c                _sungetc_r
 .text.__ssrefill_r
                0x000000000800a1d6       0x3a c:/st/stm32cubeide_1.3.0/stm32cubeide/plugins/com.st.stm32cube.ide.mcu.externaltools.gnu-tools-for-stm32.7-2018-q2-update.win32_1.0.0.201904181610/tools/bin/../lib/gcc/arm-none-eabi/7.3.1/../../../../arm-none-eabi/lib/thumb/v7-m\libc_nano.a(lib_a-nano-svfscanf.o)
                0x000000000800a1d6                __ssrefill_r
 .text.__ssvfscanf_r
                0x000000000800a210      0x2a0 c:/st/stm32cubeide_1.3.0/stm32cubeide/plugins/com.st.stm32cube.ide.mcu.externaltools.gnu-tools-for-stm32.7-2018-q2-update.win32_1.0.0.201904181610/tools/bin/../lib/gcc/arm-none-eabi/7.3.1/../../../../arm-none-eabi/lib/thumb/v7-m\libc_nano.a(lib_a-nano-svfscanf.o)
                0x000000000800a210                __ssvfiscanf_r
                0x000000000800a210                __ssvfscanf_r
 .text._scanf_chars
                0x000000000800a4b0       0xc4 c:/st/stm32cubeide_1.3.0/stm32cubeide/plugins/com.st.stm32cube.ide.mcu.externaltools.gnu-tools-for-stm32.7-2018-q2-update.win32_1.0.0.201904181610/tools/bin/../lib/gcc/arm-none-eabi/7.3.1/../../../../arm-none-eabi/lib/thumb/v7-m\libc_nano.a(lib_a-nano-vfscanf_i.o)
                0x000000000800a4b0                _scanf_chars
 .text._scanf_i
                0x000000000800a574      0x1ec c:/st/stm32cubeide_1.3.0/stm32cubeide/plugins/com.st.stm32cube.ide.mcu.externaltools.gnu-tools-for-stm32.7-2018-q2-update.win32_1.0.0.201904181610/tools/bin/../lib/gcc/arm-none-eabi/7.3.1/../../../../arm-none-eabi/lib/thumb/v7-m\libc_nano.a(lib_a-nano-vfscanf_i.o)
                0x000000000800a574                _scanf_i
 .text._sbrk_r  0x000000000800a760       0x20 c:/st/stm32cubeide_1.3.0/stm32cubeide/plugins/com.st.stm32cube.ide.mcu.externaltools.gnu-tools-for-stm32.7-2018-q2-update.win32_1.0.0.201904181610/tools/bin/../lib/gcc/arm-none-eabi/7.3.1/../../../../arm-none-eabi/lib/thumb/v7-m\libc_nano.a(lib_a-sbrkr.o)
                0x000000000800a760                _sbrk_r
 .text.__sccl   0x000000000800a780       0x62 c:/st/stm32cubeide_1.3.0/stm32cubeide/plugins/com.st.stm32cube.ide.mcu.externaltools.gnu-tools-for-stm32.7-2018-q2-update.win32_1.0.0.201904181610/tools/bin/../lib/gcc/arm-none-eabi/7.3.1/../../../../arm-none-eabi/lib/thumb/v7-m\libc_nano.a(lib_a-sccl.o)
                0x000000000800a780                __sccl
 .text.strncmp  0x000000000800a7e2       0x24 c:/st/stm32cubeide_1.3.0/stm32cubeide/plugins/com.st.stm32cube.ide.mcu.externaltools.gnu-tools-for-stm32.7-2018-q2-update.win32_1.0.0.201904181610/tools/bin/../lib/gcc/arm-none-eabi/7.3.1/../../../../arm-none-eabi/lib/thumb/v7-m\libc_nano.a(lib_a-strncmp.o)
                0x000000000800a7e2                strncmp
 .text._strtoul_l.isra.0
                0x000000000800a806       0xf4 c:/st/stm32cubeide_1.3.0/stm32cubeide/plugins/com.st.stm32cube.ide.mcu.externaltools.gnu-tools-for-stm32.7-2018-q2-update.win32_1.0.0.201904181610/tools/bin/../lib/gcc/arm-none-eabi/7.3.1/../../../../arm-none-eabi/lib/thumb/v7-m\libc_nano.a(lib_a-strtoul.o)
 *fill*         0x000000000800a8fa        0x2 
 .text._strtoul_r
                0x000000000800a8fc       0x24 c:/st/stm32cubeide_1.3.0/stm32cubeide/plugins/com.st.stm32cube.ide.mcu.externaltools.gnu-tools-for-stm32.7-2018-q2-update.win32_1.0.0.201904181610/tools/bin/../lib/gcc/arm-none-eabi/7.3.1/../../../../arm-none-eabi/lib/thumb/v7-m\libc_nano.a(lib_a-strtoul.o)
                0x000000000800a8fc                _strtoul_r
 .text.__submore
                0x000000000800a920       0x70 c:/st/stm32cubeide_1.3.0/stm32cubeide/plugins/com.st.stm32cube.ide.mcu.externaltools.gnu-tools-for-stm32.7-2018-q2-update.win32_1.0.0.201904181610/tools/bin/../lib/gcc/arm-none-eabi/7.3.1/../../../../arm-none-eabi/lib/thumb/v7-m\libc_nano.a(lib_a-ungetc.o)
                0x000000000800a920                __submore
 .text.__ascii_wctomb
                0x000000000800a990       0x1a c:/st/stm32cubeide_1.3.0/stm32cubeide/plugins/com.st.stm32cube.ide.mcu.externaltools.gnu-tools-for-stm32.7-2018-q2-update.win32_1.0.0.201904181610/tools/bin/../lib/gcc/arm-none-eabi/7.3.1/../../../../arm-none-eabi/lib/thumb/v7-m\libc_nano.a(lib_a-wctomb_r.o)
                0x000000000800a990                __ascii_wctomb
 *fill*         0x000000000800a9aa        0x2 
 .text.malloc   0x000000000800a9ac       0x10 c:/st/stm32cubeide_1.3.0/stm32cubeide/plugins/com.st.stm32cube.ide.mcu.externaltools.gnu-tools-for-stm32.7-2018-q2-update.win32_1.0.0.201904181610/tools/bin/../lib/gcc/arm-none-eabi/7.3.1/../../../../arm-none-eabi/lib/thumb/v7-m\libc_nano.a(lib_a-malloc.o)
                0x000000000800a9ac                malloc
 .text.memchr   0x000000000800a9bc       0x1c c:/st/stm32cubeide_1.3.0/stm32cubeide/plugins/com.st.stm32cube.ide.mcu.externaltools.gnu-tools-for-stm32.7-2018-q2-update.win32_1.0.0.201904181610/tools/bin/../lib/gcc/arm-none-eabi/7.3.1/../../../../arm-none-eabi/lib/thumb/v7-m\libc_nano.a(lib_a-memchr-stub.o)
                0x000000000800a9bc                memchr
 .text.__malloc_lock
                0x000000000800a9d8        0x2 c:/st/stm32cubeide_1.3.0/stm32cubeide/plugins/com.st.stm32cube.ide.mcu.externaltools.gnu-tools-for-stm32.7-2018-q2-update.win32_1.0.0.201904181610/tools/bin/../lib/gcc/arm-none-eabi/7.3.1/../../../../arm-none-eabi/lib/thumb/v7-m\libc_nano.a(lib_a-mlock.o)
                0x000000000800a9d8                __malloc_lock
 .text.__malloc_unlock
                0x000000000800a9da        0x2 c:/st/stm32cubeide_1.3.0/stm32cubeide/plugins/com.st.stm32cube.ide.mcu.externaltools.gnu-tools-for-stm32.7-2018-q2-update.win32_1.0.0.201904181610/tools/bin/../lib/gcc/arm-none-eabi/7.3.1/../../../../arm-none-eabi/lib/thumb/v7-m\libc_nano.a(lib_a-mlock.o)
                0x000000000800a9da                __malloc_unlock
 .text._free_r  0x000000000800a9dc       0x98 c:/st/stm32cubeide_1.3.0/stm32cubeide/plugins/com.st.stm32cube.ide.mcu.externaltools.gnu-tools-for-stm32.7-2018-q2-update.win32_1.0.0.201904181610/tools/bin/../lib/gcc/arm-none-eabi/7.3.1/../../../../arm-none-eabi/lib/thumb/v7-m\libc_nano.a(lib_a-nano-freer.o)
                0x000000000800a9dc                _free_r
 .text._realloc_r
                0x000000000800aa74       0x4c c:/st/stm32cubeide_1.3.0/stm32cubeide/plugins/com.st.stm32cube.ide.mcu.externaltools.gnu-tools-for-stm32.7-2018-q2-update.win32_1.0.0.201904181610/tools/bin/../lib/gcc/arm-none-eabi/7.3.1/../../../../arm-none-eabi/lib/thumb/v7-m\libc_nano.a(lib_a-nano-reallocr.o)
                0x000000000800aa74                _realloc_r
 .text._malloc_usable_size_r
                0x000000000800aac0       0x10 c:/st/stm32cubeide_1.3.0/stm32cubeide/plugins/com.st.stm32cube.ide.mcu.externaltools.gnu-tools-for-stm32.7-2018-q2-update.win32_1.0.0.201904181610/tools/bin/../lib/gcc/arm-none-eabi/7.3.1/../../../../arm-none-eabi/lib/thumb/v7-m\libc_nano.a(lib_a-nano-msizer.o)
                0x000000000800aac0                _malloc_usable_size_r
 .text.fmod     0x000000000800aad0       0xb8 c:/st/stm32cubeide_1.3.0/stm32cubeide/plugins/com.st.stm32cube.ide.mcu.externaltools.gnu-tools-for-stm32.7-2018-q2-update.win32_1.0.0.201904181610/tools/bin/../lib/gcc/arm-none-eabi/7.3.1/../../../../arm-none-eabi/lib/thumb/v7-m\libm.a(lib_a-w_fmod.o)
                0x000000000800aad0                fmod
 .text.sqrt     0x000000000800ab88       0xa8 c:/st/stm32cubeide_1.3.0/stm32cubeide/plugins/com.st.stm32cube.ide.mcu.externaltools.gnu-tools-for-stm32.7-2018-q2-update.win32_1.0.0.201904181610/tools/bin/../lib/gcc/arm-none-eabi/7.3.1/../../../../arm-none-eabi/lib/thumb/v7-m\libm.a(lib_a-w_sqrt.o)
                0x000000000800ab88                sqrt
 .text.__ieee754_fmod
                0x000000000800ac30      0x214 c:/st/stm32cubeide_1.3.0/stm32cubeide/plugins/com.st.stm32cube.ide.mcu.externaltools.gnu-tools-for-stm32.7-2018-q2-update.win32_1.0.0.201904181610/tools/bin/../lib/gcc/arm-none-eabi/7.3.1/../../../../arm-none-eabi/lib/thumb/v7-m\libm.a(lib_a-e_fmod.o)
                0x000000000800ac30                __ieee754_fmod
 .text.__ieee754_sqrt
                0x000000000800ae44      0x158 c:/st/stm32cubeide_1.3.0/stm32cubeide/plugins/com.st.stm32cube.ide.mcu.externaltools.gnu-tools-for-stm32.7-2018-q2-update.win32_1.0.0.201904181610/tools/bin/../lib/gcc/arm-none-eabi/7.3.1/../../../../arm-none-eabi/lib/thumb/v7-m\libm.a(lib_a-e_sqrt.o)
                0x000000000800ae44                __ieee754_sqrt
 .text.matherr  0x000000000800af9c        0x4 c:/st/stm32cubeide_1.3.0/stm32cubeide/plugins/com.st.stm32cube.ide.mcu.externaltools.gnu-tools-for-stm32.7-2018-q2-update.win32_1.0.0.201904181610/tools/bin/../lib/gcc/arm-none-eabi/7.3.1/../../../../arm-none-eabi/lib/thumb/v7-m\libm.a(lib_a-s_matherr.o)
                0x000000000800af9c                matherr
 *(.glue_7)
 .glue_7        0x000000000800afa0        0x0 linker stubs
 *(.glue_7t)
 .glue_7t       0x000000000800afa0        0x0 linker stubs
 *(.eh_frame)
 .eh_frame      0x000000000800afa0        0x0 c:/st/stm32cubeide_1.3.0/stm32cubeide/plugins/com.st.stm32cube.ide.mcu.externaltools.gnu-tools-for-stm32.7-2018-q2-update.win32_1.0.0.201904181610/tools/bin/../lib/gcc/arm-none-eabi/7.3.1/thumb/v7-m/crtbegin.o
 *(.init)
 .init          0x000000000800afa0        0x4 c:/st/stm32cubeide_1.3.0/stm32cubeide/plugins/com.st.stm32cube.ide.mcu.externaltools.gnu-tools-for-stm32.7-2018-q2-update.win32_1.0.0.201904181610/tools/bin/../lib/gcc/arm-none-eabi/7.3.1/thumb/v7-m/crti.o
                0x000000000800afa0                _init
 .init          0x000000000800afa4        0x8 c:/st/stm32cubeide_1.3.0/stm32cubeide/plugins/com.st.stm32cube.ide.mcu.externaltools.gnu-tools-for-stm32.7-2018-q2-update.win32_1.0.0.201904181610/tools/bin/../lib/gcc/arm-none-eabi/7.3.1/thumb/v7-m/crtn.o
 *(.fini)
 .fini          0x000000000800afac        0x4 c:/st/stm32cubeide_1.3.0/stm32cubeide/plugins/com.st.stm32cube.ide.mcu.externaltools.gnu-tools-for-stm32.7-2018-q2-update.win32_1.0.0.201904181610/tools/bin/../lib/gcc/arm-none-eabi/7.3.1/thumb/v7-m/crti.o
                0x000000000800afac                _fini
 .fini          0x000000000800afb0        0x8 c:/st/stm32cubeide_1.3.0/stm32cubeide/plugins/com.st.stm32cube.ide.mcu.externaltools.gnu-tools-for-stm32.7-2018-q2-update.win32_1.0.0.201904181610/tools/bin/../lib/gcc/arm-none-eabi/7.3.1/thumb/v7-m/crtn.o
                0x000000000800afb8                . = ALIGN (0x4)
                0x000000000800afb8                _etext = .

.vfp11_veneer   0x000000000800afb8        0x0
 .vfp11_veneer  0x000000000800afb8        0x0 linker stubs

.v4_bx          0x000000000800afb8        0x0
 .v4_bx         0x000000000800afb8        0x0 linker stubs

.iplt           0x000000000800afb8        0x0
 .iplt          0x000000000800afb8        0x0 c:/st/stm32cubeide_1.3.0/stm32cubeide/plugins/com.st.stm32cube.ide.mcu.externaltools.gnu-tools-for-stm32.7-2018-q2-update.win32_1.0.0.201904181610/tools/bin/../lib/gcc/arm-none-eabi/7.3.1/thumb/v7-m/crtbegin.o

.rodata         0x000000000800afb8     0x1080
                0x000000000800afb8                . = ALIGN (0x4)
 *(.rodata)
 .rodata        0x000000000800afb8       0x3b Core/DMPLib/inv_mpu_dmp_motion_driver.o
 *fill*         0x000000000800aff3        0x1 
 .rodata        0x000000000800aff4       0x30 Core/Src/main.o
 .rodata        0x000000000800b024       0x10 Drivers/STM32F1xx_HAL_Driver/Src/stm32f1xx_hal_rcc.o
 .rodata        0x000000000800b034        0xc c:/st/stm32cubeide_1.3.0/stm32cubeide/plugins/com.st.stm32cube.ide.mcu.externaltools.gnu-tools-for-stm32.7-2018-q2-update.win32_1.0.0.201904181610/tools/bin/../lib/gcc/arm-none-eabi/7.3.1/../../../../arm-none-eabi/lib/thumb/v7-m\libc_nano.a(lib_a-nano-vfscanf_i.o)
 *(.rodata*)
 .rodata.hw     0x000000000800b040        0xe Core/DMPLib/inv_mpu.o
                0x000000000800b040                hw
 *fill*         0x000000000800b04e        0x2 
 .rodata.reg    0x000000000800b050       0x2a Core/DMPLib/inv_mpu.o
                0x000000000800b050                reg
 *fill*         0x000000000800b07a        0x2 
 .rodata.test   0x000000000800b07c       0x30 Core/DMPLib/inv_mpu.o
                0x000000000800b07c                test
 .rodata.dmp_memory
                0x000000000800b0ac      0xbf6 Core/DMPLib/inv_mpu_dmp_motion_driver.o
 *fill*         0x000000000800bca2        0x2 
 .rodata.AHBPrescTable
                0x000000000800bca4       0x10 Core/Src/system_stm32f1xx.o
                0x000000000800bca4                AHBPrescTable
 .rodata.APBPrescTable
                0x000000000800bcb4        0x8 Core/Src/system_stm32f1xx.o
                0x000000000800bcb4                APBPrescTable
 .rodata.GNSS_RX_Update.str1.4
                0x000000000800bcbc       0x16 Core/components/src/gnss.o
 *fill*         0x000000000800bcd2        0x2 
 .rodata.USBD_FS_ConfigStrDescriptor.str1.4
                0x000000000800bcd4        0xb USB_DEVICE/App/usbd_desc.o
 *fill*         0x000000000800bcdf        0x1 
 .rodata.USBD_FS_InterfaceStrDescriptor.str1.4
                0x000000000800bce0        0xe USB_DEVICE/App/usbd_desc.o
 *fill*         0x000000000800bcee        0x2 
 .rodata.USBD_FS_ManufacturerStrDescriptor.str1.4
                0x000000000800bcf0       0x13 USB_DEVICE/App/usbd_desc.o
 *fill*         0x000000000800bd03        0x1 
 .rodata.USBD_FS_ProductStrDescriptor.str1.4
                0x000000000800bd04        0xc USB_DEVICE/App/usbd_desc.o
 .rodata.CSWTCH.3
                0x000000000800bd10        0x4 USB_DEVICE/Target/usbd_conf.o
 .rodata._strtod_l.str1.1
                0x000000000800bd14        0xc c:/st/stm32cubeide_1.3.0/stm32cubeide/plugins/com.st.stm32cube.ide.mcu.externaltools.gnu-tools-for-stm32.7-2018-q2-update.win32_1.0.0.201904181610/tools/bin/../lib/gcc/arm-none-eabi/7.3.1/../../../../arm-none-eabi/lib/thumb/v7-m\libc_nano.a(lib_a-strtod.o)
 .rodata.fpi.6160
                0x000000000800bd20       0x14 c:/st/stm32cubeide_1.3.0/stm32cubeide/plugins/com.st.stm32cube.ide.mcu.externaltools.gnu-tools-for-stm32.7-2018-q2-update.win32_1.0.0.201904181610/tools/bin/../lib/gcc/arm-none-eabi/7.3.1/../../../../arm-none-eabi/lib/thumb/v7-m\libc_nano.a(lib_a-strtod.o)
 .rodata.fpinan.6196
                0x000000000800bd34       0x14 c:/st/stm32cubeide_1.3.0/stm32cubeide/plugins/com.st.stm32cube.ide.mcu.externaltools.gnu-tools-for-stm32.7-2018-q2-update.win32_1.0.0.201904181610/tools/bin/../lib/gcc/arm-none-eabi/7.3.1/../../../../arm-none-eabi/lib/thumb/v7-m\libc_nano.a(lib_a-strtod.o)
 .rodata.tinytens
                0x000000000800bd48       0x28 c:/st/stm32cubeide_1.3.0/stm32cubeide/plugins/com.st.stm32cube.ide.mcu.externaltools.gnu-tools-for-stm32.7-2018-q2-update.win32_1.0.0.201904181610/tools/bin/../lib/gcc/arm-none-eabi/7.3.1/../../../../arm-none-eabi/lib/thumb/v7-m\libc_nano.a(lib_a-strtod.o)
 .rodata.__utoa.str1.1
                0x000000000800bd70       0x25 c:/st/stm32cubeide_1.3.0/stm32cubeide/plugins/com.st.stm32cube.ide.mcu.externaltools.gnu-tools-for-stm32.7-2018-q2-update.win32_1.0.0.201904181610/tools/bin/../lib/gcc/arm-none-eabi/7.3.1/../../../../arm-none-eabi/lib/thumb/v7-m\libc_nano.a(lib_a-utoa.o)
 .rodata._setlocale_r.str1.1
                0x000000000800bd95        0x8 c:/st/stm32cubeide_1.3.0/stm32cubeide/plugins/com.st.stm32cube.ide.mcu.externaltools.gnu-tools-for-stm32.7-2018-q2-update.win32_1.0.0.201904181610/tools/bin/../lib/gcc/arm-none-eabi/7.3.1/../../../../arm-none-eabi/lib/thumb/v7-m\libc_nano.a(lib_a-locale.o)
                                          0x9 (size before relaxing)
 .rodata.str1.1
                0x000000000800bd9d        0x2 c:/st/stm32cubeide_1.3.0/stm32cubeide/plugins/com.st.stm32cube.ide.mcu.externaltools.gnu-tools-for-stm32.7-2018-q2-update.win32_1.0.0.201904181610/tools/bin/../lib/gcc/arm-none-eabi/7.3.1/../../../../arm-none-eabi/lib/thumb/v7-m\libc_nano.a(lib_a-locale.o)
 *fill*         0x000000000800bd9f        0x1 
 .rodata.__mprec_bigtens
                0x000000000800bda0       0x28 c:/st/stm32cubeide_1.3.0/stm32cubeide/plugins/com.st.stm32cube.ide.mcu.externaltools.gnu-tools-for-stm32.7-2018-q2-update.win32_1.0.0.201904181610/tools/bin/../lib/gcc/arm-none-eabi/7.3.1/../../../../arm-none-eabi/lib/thumb/v7-m\libc_nano.a(lib_a-mprec.o)
                0x000000000800bda0                __mprec_bigtens
 .rodata.__mprec_tens
                0x000000000800bdc8       0xc8 c:/st/stm32cubeide_1.3.0/stm32cubeide/plugins/com.st.stm32cube.ide.mcu.externaltools.gnu-tools-for-stm32.7-2018-q2-update.win32_1.0.0.201904181610/tools/bin/../lib/gcc/arm-none-eabi/7.3.1/../../../../arm-none-eabi/lib/thumb/v7-m\libc_nano.a(lib_a-mprec.o)
                0x000000000800bdc8                __mprec_tens
 .rodata.p05.6084
                0x000000000800be90        0xc c:/st/stm32cubeide_1.3.0/stm32cubeide/plugins/com.st.stm32cube.ide.mcu.externaltools.gnu-tools-for-stm32.7-2018-q2-update.win32_1.0.0.201904181610/tools/bin/../lib/gcc/arm-none-eabi/7.3.1/../../../../arm-none-eabi/lib/thumb/v7-m\libc_nano.a(lib_a-mprec.o)
 .rodata.__ssvfscanf_r.str1.1
                0x000000000800be9c        0x4 c:/st/stm32cubeide_1.3.0/stm32cubeide/plugins/com.st.stm32cube.ide.mcu.externaltools.gnu-tools-for-stm32.7-2018-q2-update.win32_1.0.0.201904181610/tools/bin/../lib/gcc/arm-none-eabi/7.3.1/../../../../arm-none-eabi/lib/thumb/v7-m\libc_nano.a(lib_a-nano-svfscanf.o)
 .rodata._scanf_i.str1.1
                0x000000000800bea0       0x12 c:/st/stm32cubeide_1.3.0/stm32cubeide/plugins/com.st.stm32cube.ide.mcu.externaltools.gnu-tools-for-stm32.7-2018-q2-update.win32_1.0.0.201904181610/tools/bin/../lib/gcc/arm-none-eabi/7.3.1/../../../../arm-none-eabi/lib/thumb/v7-m\libc_nano.a(lib_a-nano-vfscanf_i.o)
 .rodata.str1.1
                0x000000000800beb2        0x9 c:/st/stm32cubeide_1.3.0/stm32cubeide/plugins/com.st.stm32cube.ide.mcu.externaltools.gnu-tools-for-stm32.7-2018-q2-update.win32_1.0.0.201904181610/tools/bin/../lib/gcc/arm-none-eabi/7.3.1/../../../../arm-none-eabi/lib/thumb/v7-m\libc_nano.a(lib_a-nano-vfscanf_i.o)
 .rodata._ctype_
                0x000000000800bebb      0x101 c:/st/stm32cubeide_1.3.0/stm32cubeide/plugins/com.st.stm32cube.ide.mcu.externaltools.gnu-tools-for-stm32.7-2018-q2-update.win32_1.0.0.201904181610/tools/bin/../lib/gcc/arm-none-eabi/7.3.1/../../../../arm-none-eabi/lib/thumb/v7-m\libc_nano.a(lib_a-ctype_.o)
                0x000000000800bebb                _ctype_
 .rodata.__sf_fake_stderr
                0x000000000800bfbc       0x20 c:/st/stm32cubeide_1.3.0/stm32cubeide/plugins/com.st.stm32cube.ide.mcu.externaltools.gnu-tools-for-stm32.7-2018-q2-update.win32_1.0.0.201904181610/tools/bin/../lib/gcc/arm-none-eabi/7.3.1/../../../../arm-none-eabi/lib/thumb/v7-m\libc_nano.a(lib_a-findfp.o)
                0x000000000800bfbc                __sf_fake_stderr
 .rodata.__sf_fake_stdin
                0x000000000800bfdc       0x20 c:/st/stm32cubeide_1.3.0/stm32cubeide/plugins/com.st.stm32cube.ide.mcu.externaltools.gnu-tools-for-stm32.7-2018-q2-update.win32_1.0.0.201904181610/tools/bin/../lib/gcc/arm-none-eabi/7.3.1/../../../../arm-none-eabi/lib/thumb/v7-m\libc_nano.a(lib_a-findfp.o)
                0x000000000800bfdc                __sf_fake_stdin
 .rodata.__sf_fake_stdout
                0x000000000800bffc       0x20 c:/st/stm32cubeide_1.3.0/stm32cubeide/plugins/com.st.stm32cube.ide.mcu.externaltools.gnu-tools-for-stm32.7-2018-q2-update.win32_1.0.0.201904181610/tools/bin/../lib/gcc/arm-none-eabi/7.3.1/../../../../arm-none-eabi/lib/thumb/v7-m\libc_nano.a(lib_a-findfp.o)
                0x000000000800bffc                __sf_fake_stdout
 .rodata.fmod.str1.1
                0x000000000800c01c        0x5 c:/st/stm32cubeide_1.3.0/stm32cubeide/plugins/com.st.stm32cube.ide.mcu.externaltools.gnu-tools-for-stm32.7-2018-q2-update.win32_1.0.0.201904181610/tools/bin/../lib/gcc/arm-none-eabi/7.3.1/../../../../arm-none-eabi/lib/thumb/v7-m\libm.a(lib_a-w_fmod.o)
 .rodata.sqrt.str1.1
                0x000000000800c021        0x5 c:/st/stm32cubeide_1.3.0/stm32cubeide/plugins/com.st.stm32cube.ide.mcu.externaltools.gnu-tools-for-stm32.7-2018-q2-update.win32_1.0.0.201904181610/tools/bin/../lib/gcc/arm-none-eabi/7.3.1/../../../../arm-none-eabi/lib/thumb/v7-m\libm.a(lib_a-w_sqrt.o)
 *fill*         0x000000000800c026        0x2 
 .rodata.Zero   0x000000000800c028       0x10 c:/st/stm32cubeide_1.3.0/stm32cubeide/plugins/com.st.stm32cube.ide.mcu.externaltools.gnu-tools-for-stm32.7-2018-q2-update.win32_1.0.0.201904181610/tools/bin/../lib/gcc/arm-none-eabi/7.3.1/../../../../arm-none-eabi/lib/thumb/v7-m\libm.a(lib_a-e_fmod.o)
                0x000000000800c038                . = ALIGN (0x4)

.rel.dyn        0x000000000800c038        0x0
 .rel.iplt      0x000000000800c038        0x0 c:/st/stm32cubeide_1.3.0/stm32cubeide/plugins/com.st.stm32cube.ide.mcu.externaltools.gnu-tools-for-stm32.7-2018-q2-update.win32_1.0.0.201904181610/tools/bin/../lib/gcc/arm-none-eabi/7.3.1/thumb/v7-m/crtbegin.o

.ARM.extab      0x000000000800c038        0x0
                0x000000000800c038                . = ALIGN (0x4)
 *(.ARM.extab* .gnu.linkonce.armextab.*)
                0x000000000800c038                . = ALIGN (0x4)

.ARM            0x000000000800c038        0x0
                0x000000000800c038                . = ALIGN (0x4)
                0x000000000800c038                __exidx_start = .
 *(.ARM.exidx*)
                0x000000000800c038                __exidx_end = .
                0x000000000800c038                . = ALIGN (0x4)

.preinit_array  0x000000000800c038        0x0
                0x000000000800c038                . = ALIGN (0x4)
                0x000000000800c038                PROVIDE (__preinit_array_start = .)
 *(.preinit_array*)
                0x000000000800c038                PROVIDE (__preinit_array_end = .)
                0x000000000800c038                . = ALIGN (0x4)

.init_array     0x000000000800c038        0x4
                0x000000000800c038                . = ALIGN (0x4)
                0x000000000800c038                PROVIDE (__init_array_start = .)
 *(SORT_BY_NAME(.init_array.*))
 *(.init_array*)
 .init_array    0x000000000800c038        0x4 c:/st/stm32cubeide_1.3.0/stm32cubeide/plugins/com.st.stm32cube.ide.mcu.externaltools.gnu-tools-for-stm32.7-2018-q2-update.win32_1.0.0.201904181610/tools/bin/../lib/gcc/arm-none-eabi/7.3.1/thumb/v7-m/crtbegin.o
                0x000000000800c03c                PROVIDE (__init_array_end = .)
                0x000000000800c03c                . = ALIGN (0x4)

.fini_array     0x000000000800c03c        0x4
                0x000000000800c03c                . = ALIGN (0x4)
                [!provide]                        PROVIDE (__fini_array_start = .)
 *(SORT_BY_NAME(.fini_array.*))
 *(.fini_array*)
 .fini_array    0x000000000800c03c        0x4 c:/st/stm32cubeide_1.3.0/stm32cubeide/plugins/com.st.stm32cube.ide.mcu.externaltools.gnu-tools-for-stm32.7-2018-q2-update.win32_1.0.0.201904181610/tools/bin/../lib/gcc/arm-none-eabi/7.3.1/thumb/v7-m/crtbegin.o