stm32f1xx_it.c:102:6:NMI_Handler	0	static
stm32f1xx_it.c:115:6:HardFault_Handler	0	static
stm32f1xx_it.c:130:6:MemManage_Handler	0	static
stm32f1xx_it.c:145:6:BusFault_Handler	0	static
stm32f1xx_it.c:160:6:UsageFault_Handler	0	static
stm32f1xx_it.c:175:6:SVC_Handler	0	static
stm32f1xx_it.c:188:6:DebugMon_Handler	0	static
stm32f1xx_it.c:201:6:PendSV_Handler	0	static
stm32f1xx_it.c:214:6:SysTick_Handler	0	static
stm32f1xx_it.c:235:6:DMA1_Channel5_IRQHandler	0	static
stm32f1xx_it.c:249:6:USB_LP_CAN1_RX0_IRQHandler	0	static
stm32f1xx_it.c:263:6:TIM1_UP_IRQHandler	0	static
stm32f1xx_it.c:277:6:TIM2_IRQHandler	8	static
stm32f1xx_it.c:291:6:TIM3_IRQHandler	88	static
