stm32f1xx_it.c:101:6:NMI_Handler	0	static
stm32f1xx_it.c:114:6:HardFault_Handler	0	static
stm32f1xx_it.c:129:6:MemManage_Handler	0	static
stm32f1xx_it.c:144:6:BusFault_Handler	0	static
stm32f1xx_it.c:159:6:UsageFault_Handler	0	static
stm32f1xx_it.c:174:6:SVC_Handler	0	static
stm32f1xx_it.c:187:6:DebugMon_Handler	0	static
stm32f1xx_it.c:200:6:PendSV_Handler	0	static
stm32f1xx_it.c:213:6:SysTick_Handler	0	static
stm32f1xx_it.c:234:6:DMA1_Channel5_IRQHandler	0	static
stm32f1xx_it.c:248:6:USB_LP_CAN1_RX0_IRQHandler	0	static
stm32f1xx_it.c:262:6:TIM1_UP_IRQHandler	0	static
stm32f1xx_it.c:276:6:TIM2_IRQHandler	8	static
stm32f1xx_it.c:290:6:TIM3_IRQHandler	88	static
