mpu9250.c:20:6:mpu_set_i2c	0	static
mpu9250.c:24:9:mpu_read_i2c	16	static,ignoring_inline_asm
mpu9250.c:32:9:mpu_write_i2c	16	static,ignoring_inline_asm
mpu9250.c:42:5:i2c_write	16	static
mpu9250.c:47:5:i2c_read	16	static
mpu9250.c:52:6:delay_ms	0	static
mpu9250.c:56:15:get_ms	8	static
mpu9250.c:69:6:mpu_AK8963_start_bulk_read_i2c	24	static
mpu9250.c:93:6:mpu_AK8963_write_i2c	24	static,ignoring_inline_asm
mpu9250.c:124:6:mpu_AK8963_read_i2c	24	static
mpu9250.c:167:6:mpu_AK8963_init	16	static
mpu9250.c:187:5:mpu_get_gyro_FSR	16	static
mpu9250.c:193:5:mpu_set_gyro_FSR	16	static
mpu9250.c:202:5:mpu_get_accel_FSR	16	static
mpu9250.c:208:5:mpu_set_accel_FSR	16	static
mpu9250.c:150:6:mpu_9250_init	16	static,ignoring_inline_asm
mpu9250.c:220:6:mpu_update_6axis	48	static
mpu9250.c:247:6:mpu_update_9axis	56	static
mpu9250.c:282:6:mpu_get_6axis	12	static
mpu9250.c:290:6:mpu_get_9axis	12	static
