ms5611.c:26:6:ms5611_set_i2c	0	static
ms5611.c:37:9:ms5611_read_i2c	16	static
ms5611.c:48:9:ms5611_write_i2c	16	static
ms5611.c:55:6:ms5611_osr_select	0	static
ms5611.c:80:6:ms5611_request_pressure	16	static
ms5611.c:88:6:ms5611_retrieve_pressure	16	static
ms5611.c:103:6:ms5611_request_temperature	16	static
ms5611.c:111:6:ms5611_retrieve_temperature	16	static
ms5611.c:125:6:ms5611_update_pressure	8	static
ms5611.c:136:6:ms5611_update_temperature	8	static
ms5611.c:147:6:ms5611_update	8	static
ms5611.c:64:6:ms5611_init	24	static
ms5611.c:156:8:ms5611_get_temperature	24	static
ms5611.c:174:8:ms5611_get_pressure	48	static
